Archive member included because of file (symbol)

/home/dangnhat/Programs/gcc-arm-none-eabi-4_8-2014q2/bin/../lib/gcc/arm-none-eabi/4.8.4/armv7-m/libgcc.a(unwind-arm.o)
                              ./system/src/newlib/_cxx.o (__aeabi_unwind_cpp_pr1)
/home/dangnhat/Programs/gcc-arm-none-eabi-4_8-2014q2/bin/../lib/gcc/arm-none-eabi/4.8.4/armv7-m/libgcc.a(libunwind.o)
                              /home/dangnhat/Programs/gcc-arm-none-eabi-4_8-2014q2/bin/../lib/gcc/arm-none-eabi/4.8.4/armv7-m/libgcc.a(unwind-arm.o) (restore_core_regs)
/home/dangnhat/Programs/gcc-arm-none-eabi-4_8-2014q2/bin/../lib/gcc/arm-none-eabi/4.8.4/armv7-m/libgcc.a(pr-support.o)
                              /home/dangnhat/Programs/gcc-arm-none-eabi-4_8-2014q2/bin/../lib/gcc/arm-none-eabi/4.8.4/armv7-m/libgcc.a(unwind-arm.o) (__gnu_unwind_execute)
/home/dangnhat/Programs/gcc-arm-none-eabi-4_8-2014q2/bin/../lib/gcc/arm-none-eabi/4.8.4/../../../../arm-none-eabi/lib/armv7-m/libg_s.a(lib_a-errno.o)
                              ./system/src/newlib/_sbrk.o (__errno)
/home/dangnhat/Programs/gcc-arm-none-eabi-4_8-2014q2/bin/../lib/gcc/arm-none-eabi/4.8.4/../../../../arm-none-eabi/lib/armv7-m/libg_s.a(lib_a-impure.o)
                              /home/dangnhat/Programs/gcc-arm-none-eabi-4_8-2014q2/bin/../lib/gcc/arm-none-eabi/4.8.4/../../../../arm-none-eabi/lib/armv7-m/libg_s.a(lib_a-errno.o) (_impure_ptr)
/home/dangnhat/Programs/gcc-arm-none-eabi-4_8-2014q2/bin/../lib/gcc/arm-none-eabi/4.8.4/../../../../arm-none-eabi/lib/armv7-m/libg_s.a(lib_a-init.o)
                              ./system/src/CMSIS/startup_stm32f103xe.o (__libc_init_array)
/home/dangnhat/Programs/gcc-arm-none-eabi-4_8-2014q2/bin/../lib/gcc/arm-none-eabi/4.8.4/../../../../arm-none-eabi/lib/armv7-m/libg_s.a(lib_a-memcmp.o)
                              ./src/main.o (memcmp)
/home/dangnhat/Programs/gcc-arm-none-eabi-4_8-2014q2/bin/../lib/gcc/arm-none-eabi/4.8.4/../../../../arm-none-eabi/lib/armv7-m/libg_s.a(lib_a-memcpy-stub.o)
                              /home/dangnhat/Programs/gcc-arm-none-eabi-4_8-2014q2/bin/../lib/gcc/arm-none-eabi/4.8.4/armv7-m/libgcc.a(unwind-arm.o) (memcpy)
/home/dangnhat/Programs/gcc-arm-none-eabi-4_8-2014q2/bin/../lib/gcc/arm-none-eabi/4.8.4/../../../../arm-none-eabi/lib/armv7-m/libg_s.a(lib_a-memset.o)
                              ./system/src/stm32f1xx/stm32f1xx_hal_sd.o (memset)
/home/dangnhat/Programs/gcc-arm-none-eabi-4_8-2014q2/bin/../lib/gcc/arm-none-eabi/4.8.4/../../../../arm-none-eabi/lib/armv7-m/libg_s.a(lib_a-strlen.o)
                              ./system/src/diag/Trace.o (strlen)
/home/dangnhat/Programs/gcc-arm-none-eabi-4_8-2014q2/bin/../lib/gcc/arm-none-eabi/4.8.4/../../../../arm-none-eabi/lib/armv7-m/libg_s.a(lib_a-vsnprintf.o)
                              ./system/src/diag/Trace.o (vsnprintf)
/home/dangnhat/Programs/gcc-arm-none-eabi-4_8-2014q2/bin/../lib/gcc/arm-none-eabi/4.8.4/../../../../arm-none-eabi/lib/armv7-m/libg_s.a(lib_a-svfprintf.o)
                              /home/dangnhat/Programs/gcc-arm-none-eabi-4_8-2014q2/bin/../lib/gcc/arm-none-eabi/4.8.4/../../../../arm-none-eabi/lib/armv7-m/libg_s.a(lib_a-vsnprintf.o) (_svfprintf_r)
/home/dangnhat/Programs/gcc-arm-none-eabi-4_8-2014q2/bin/../lib/gcc/arm-none-eabi/4.8.4/../../../../arm-none-eabi/lib/armv7-m/libg_s.a(lib_a-vfprintf_i.o)
                              /home/dangnhat/Programs/gcc-arm-none-eabi-4_8-2014q2/bin/../lib/gcc/arm-none-eabi/4.8.4/../../../../arm-none-eabi/lib/armv7-m/libg_s.a(lib_a-svfprintf.o) (_printf_i)
/home/dangnhat/Programs/gcc-arm-none-eabi-4_8-2014q2/bin/../lib/gcc/arm-none-eabi/4.8.4/../../../../arm-none-eabi/lib/armv7-m/libg_s.a(lib_a-memchr-stub.o)
                              /home/dangnhat/Programs/gcc-arm-none-eabi-4_8-2014q2/bin/../lib/gcc/arm-none-eabi/4.8.4/../../../../arm-none-eabi/lib/armv7-m/libg_s.a(lib_a-svfprintf.o) (memchr)
/home/dangnhat/Programs/gcc-arm-none-eabi-4_8-2014q2/bin/../lib/gcc/arm-none-eabi/4.8.4/../../../../arm-none-eabi/lib/armv7-m/libg_s.a(lib_a-memmove.o)
                              /home/dangnhat/Programs/gcc-arm-none-eabi-4_8-2014q2/bin/../lib/gcc/arm-none-eabi/4.8.4/../../../../arm-none-eabi/lib/armv7-m/libg_s.a(lib_a-svfprintf.o) (memmove)
/home/dangnhat/Programs/gcc-arm-none-eabi-4_8-2014q2/bin/../lib/gcc/arm-none-eabi/4.8.4/../../../../arm-none-eabi/lib/armv7-m/libg_s.a(lib_a-nano-freer.o)
                              /home/dangnhat/Programs/gcc-arm-none-eabi-4_8-2014q2/bin/../lib/gcc/arm-none-eabi/4.8.4/../../../../arm-none-eabi/lib/armv7-m/libg_s.a(lib_a-svfprintf.o) (_free_r)
/home/dangnhat/Programs/gcc-arm-none-eabi-4_8-2014q2/bin/../lib/gcc/arm-none-eabi/4.8.4/../../../../arm-none-eabi/lib/armv7-m/libg_s.a(lib_a-nano-mallocr.o)
                              /home/dangnhat/Programs/gcc-arm-none-eabi-4_8-2014q2/bin/../lib/gcc/arm-none-eabi/4.8.4/../../../../arm-none-eabi/lib/armv7-m/libg_s.a(lib_a-svfprintf.o) (_malloc_r)
[...]
Memory Configuration

Name             Origin             Length             Attributes
FLASH            0x08000000         0x00060000         xr
RAM              0x20000000         0x00010000         xrw
CCMRAM           0x10000000         0x00000000         xrw
FLASHB1          0x00000000         0x00000000         xr
EXTMEMB0         0x00000000         0x00000000         xr
EXTMEMB1         0x00000000         0x00000000         xr
EXTMEMB2         0x00000000         0x00000000         xr
EXTMEMB3         0x00000000         0x00000000         xr
*default*        0x00000000         0xffffffff

Linker script and memory map

LOAD ./system/src/stm32f1xx/stm32f1xx_hal.o
LOAD ./system/src/stm32f1xx/stm32f1xx_hal_adc.o
LOAD ./system/src/stm32f1xx/stm32f1xx_hal_adc_ex.o
LOAD ./system/src/stm32f1xx/stm32f1xx_hal_can.o
LOAD ./system/src/stm32f1xx/stm32f1xx_hal_cec.o
LOAD ./system/src/stm32f1xx/stm32f1xx_hal_cortex.o
LOAD ./system/src/stm32f1xx/stm32f1xx_hal_crc.o
LOAD ./system/src/stm32f1xx/stm32f1xx_hal_dac.o
LOAD ./system/src/stm32f1xx/stm32f1xx_hal_dac_ex.o
LOAD ./system/src/stm32f1xx/stm32f1xx_hal_dma.o
LOAD ./system/src/stm32f1xx/stm32f1xx_hal_eth.o
LOAD ./system/src/stm32f1xx/stm32f1xx_hal_flash.o
LOAD ./system/src/stm32f1xx/stm32f1xx_hal_flash_ex.o
LOAD ./system/src/stm32f1xx/stm32f1xx_hal_gpio.o
LOAD ./system/src/stm32f1xx/stm32f1xx_hal_gpio_ex.o
LOAD ./system/src/stm32f1xx/stm32f1xx_hal_hcd.o
LOAD ./system/src/stm32f1xx/stm32f1xx_hal_i2c.o
LOAD ./system/src/stm32f1xx/stm32f1xx_hal_i2s.o
LOAD ./system/src/stm32f1xx/stm32f1xx_hal_irda.o
LOAD ./system/src/stm32f1xx/stm32f1xx_hal_iwdg.o
LOAD ./system/src/stm32f1xx/stm32f1xx_hal_msp_template.o
LOAD ./system/src/stm32f1xx/stm32f1xx_hal_nand.o
LOAD ./system/src/stm32f1xx/stm32f1xx_hal_nor.o
LOAD ./system/src/stm32f1xx/stm32f1xx_hal_pccard.o
LOAD ./system/src/stm32f1xx/stm32f1xx_hal_pcd.o
LOAD ./system/src/stm32f1xx/stm32f1xx_hal_pcd_ex.o
LOAD ./system/src/stm32f1xx/stm32f1xx_hal_pwr.o
LOAD ./system/src/stm32f1xx/stm32f1xx_hal_rcc.o
LOAD ./system/src/stm32f1xx/stm32f1xx_hal_rcc_ex.o
LOAD ./system/src/stm32f1xx/stm32f1xx_hal_rtc.o
LOAD ./system/src/stm32f1xx/stm32f1xx_hal_rtc_ex.o
LOAD ./system/src/stm32f1xx/stm32f1xx_hal_sd.o
LOAD ./system/src/stm32f1xx/stm32f1xx_hal_smartcard.o
LOAD ./system/src/stm32f1xx/stm32f1xx_hal_spi.o
LOAD ./system/src/stm32f1xx/stm32f1xx_hal_spi_ex.o
LOAD ./system/src/stm32f1xx/stm32f1xx_hal_sram.o
LOAD ./system/src/stm32f1xx/stm32f1xx_hal_tim.o
LOAD ./system/src/stm32f1xx/stm32f1xx_hal_tim_ex.o
LOAD ./system/src/stm32f1xx/stm32f1xx_hal_uart.o
LOAD ./system/src/stm32f1xx/stm32f1xx_hal_usart.o
LOAD ./system/src/stm32f1xx/stm32f1xx_hal_wwdg.o
LOAD ./system/src/stm32f1xx/stm32f1xx_ll_fsmc.o
LOAD ./system/src/stm32f1xx/stm32f1xx_ll_sdmmc.o
LOAD ./system/src/stm32f1xx/stm32f1xx_ll_usb.o
LOAD ./system/src/newlib/_cxx.o
LOAD ./system/src/newlib/_exit.o
LOAD ./system/src/newlib/_sbrk.o
LOAD ./system/src/newlib/_startup.o
LOAD ./system/src/newlib/_syscalls.o
LOAD ./system/src/newlib/assert.o
LOAD ./system/src/diag/Trace.o
LOAD ./system/src/diag/trace_impl.o
LOAD ./system/src/cortexm/_initialize_hardware.o
LOAD ./system/src/cortexm/_reset_hardware.o
LOAD ./system/src/cortexm/exception_handlers.o
LOAD ./system/src/CMSIS/startup_stm32f103xe.o
LOAD ./system/src/CMSIS/system_stm32f1xx.o
LOAD ./src/CM32VR60.o
LOAD ./src/_write.o
LOAD ./src/bboard_buttons.o
LOAD ./src/bboard_leds.o
LOAD ./src/bboard_system.o
LOAD ./src/crc.o
LOAD ./src/main.o
LOAD ./src/ring_buffer.o
LOAD ./src/spi_eeprom.o
LOAD ./src/stm32f1xx_it.o
LOAD /home/dangnhat/Programs/gcc-arm-none-eabi-4_8-2014q2/bin/../lib/gcc/arm-none-eabi/4.8.4/../../../../arm-none-eabi/lib/armv7-m/libstdc++_s.a
LOAD /home/dangnhat/Programs/gcc-arm-none-eabi-4_8-2014q2/bin/../lib/gcc/arm-none-eabi/4.8.4/../../../../arm-none-eabi/lib/armv7-m/libm.a
START GROUP
LOAD /home/dangnhat/Programs/gcc-arm-none-eabi-4_8-2014q2/bin/../lib/gcc/arm-none-eabi/4.8.4/armv7-m/libgcc.a
LOAD /home/dangnhat/Programs/gcc-arm-none-eabi-4_8-2014q2/bin/../lib/gcc/arm-none-eabi/4.8.4/../../../../arm-none-eabi/lib/armv7-m/libg_s.a
LOAD /home/dangnhat/Programs/gcc-arm-none-eabi-4_8-2014q2/bin/../lib/gcc/arm-none-eabi/4.8.4/../../../../arm-none-eabi/lib/armv7-m/libc_s.a
END GROUP
START GROUP
LOAD /home/dangnhat/Programs/gcc-arm-none-eabi-4_8-2014q2/bin/../lib/gcc/arm-none-eabi/4.8.4/armv7-m/libgcc.a
LOAD /home/dangnhat/Programs/gcc-arm-none-eabi-4_8-2014q2/bin/../lib/gcc/arm-none-eabi/4.8.4/../../../../arm-none-eabi/lib/armv7-m/libc_s.a
END GROUP
                0x20010000                __stack = (ORIGIN (RAM) + 0x10000)
                0x20010000                _estack = __stack
                0x00000400                __Main_Stack_Size = 0x400
                0x00000400                PROVIDE (_Main_Stack_Size, __Main_Stack_Size)
                0x2000fc00                __Main_Stack_Limit = (__stack - __Main_Stack_Size)
                0x2000fc00                PROVIDE (_Main_Stack_Limit, __Main_Stack_Limit)
                0x00000100                _Minimum_Stack_Size = 0x100
                0x20000258                PROVIDE (_Heap_Begin, _end_noinit)
                0x2000fc00                PROVIDE (_Heap_Limit, (__stack - __Main_Stack_Size))

.isr_vector     0x08000000      0x3fc
 FILL mask 0xff
                0x08000000                __vectors_start = ABSOLUTE (.)
                0x08000000                __vectors_start__ = ABSOLUTE (.)
 *(.isr_vector)
 .isr_vector    0x08000000      0x1e4 ./system/src/CMSIS/startup_stm32f103xe.o
                0x08000000                g_pfnVectors
 *(.cfmconfig)
 *(.after_vectors .after_vectors.*)
 .after_vectors
                0x080001e4      0x114 ./system/src/newlib/_startup.o
                0x080001e4                _start
 .after_vectors
                0x080002f8      0x104 ./system/src/cortexm/exception_handlers.o
                0x080002f8                Reset_Handler
                0x08000318                HardFault_Handler_C
                0x08000364                BusFault_Handler_C
                0x080003ac                UsageFault_Handler_C

.inits          0x080003fc       0x28
                0x080003fc                __data_regions_array_start = .
                0x080003fc        0x4 LONG 0x8003cb0 LOADADDR (.data)
                0x08000400        0x4 LONG 0x20000000 ADDR (.data)
                0x08000404        0x4 LONG 0x200000a8 (ADDR (.data) + SIZEOF (.data))
                0x08000408        0x4 LONG 0x8003cb0 LOADADDR (.data_CCMRAM)
                0x0800040c        0x4 LONG 0x10000000 ADDR (.data_CCMRAM)
                0x08000410        0x4 LONG 0x10000000 (ADDR (.data_CCMRAM) + SIZEOF (.data_CCMRAM))
                0x08000414                __data_regions_array_end = .
                0x08000414                __bss_regions_array_start = .
                0x08000414        0x4 LONG 0x200000a8 ADDR (.bss)
                0x08000418        0x4 LONG 0x20000258 (ADDR (.bss) + SIZEOF (.bss))
                0x0800041c        0x4 LONG 0x10000000 ADDR (.bss_CCMRAM)
                0x08000420        0x4 LONG 0x10000000 (ADDR (.bss_CCMRAM) + SIZEOF (.bss_CCMRAM))
                0x08000424                __bss_regions_array_end = .
 *(.init)
 *(.fini)
                0x08000424                . = ALIGN (0x4)
                0x08000424                PROVIDE (__preinit_array_start, .)
 *(.preinit_array_sysinit .preinit_array_sysinit.*)
 *(.preinit_array_platform .preinit_array_platform.*)
 *(.preinit_array .preinit_array.*)
                0x08000424                PROVIDE (__preinit_array_end, .)
                0x08000424                . = ALIGN (0x4)
                0x08000424                PROVIDE (__init_array_start, .)
 *(SORT(.init_array.*))
 *(.init_array)
                0x08000424                PROVIDE (__init_array_end, .)
                0x08000424                . = ALIGN (0x4)
                0x08000424                PROVIDE (__fini_array_start, .)
 *(SORT(.fini_array.*))
 *(.fini_array)
                0x08000424                PROVIDE (__fini_array_end, .)

.flashtext
 *(.flashtext .flashtext.*)

.text           0x08000424     0x3889
 *(.text .text.*)
 .text.HAL_InitTick
                0x08000424       0x28 ./system/src/stm32f1xx/stm32f1xx_hal.o
                0x08000424                HAL_InitTick
 .text.HAL_Init
                0x0800044c       0x24 ./system/src/stm32f1xx/stm32f1xx_hal.o
                0x0800044c                HAL_Init
 .text.HAL_IncTick
                0x08000470       0x10 ./system/src/stm32f1xx/stm32f1xx_hal.o
                0x08000470                HAL_IncTick
 .text.HAL_GetTick
                0x08000480        0xc ./system/src/stm32f1xx/stm32f1xx_hal.o
                0x08000480                HAL_GetTick
 .text.HAL_Delay
                0x0800048c       0x1c ./system/src/stm32f1xx/stm32f1xx_hal.o
                0x0800048c                HAL_Delay
 .text.HAL_NVIC_SetPriorityGrouping
                0x080004a8       0x24 ./system/src/stm32f1xx/stm32f1xx_hal_cortex.o
                0x080004a8                HAL_NVIC_SetPriorityGrouping
 .text.HAL_NVIC_SetPriority
                0x080004cc       0x64 ./system/src/stm32f1xx/stm32f1xx_hal_cortex.o
                0x080004cc                HAL_NVIC_SetPriority
 .text.HAL_NVIC_EnableIRQ
                0x08000530       0x18 ./system/src/stm32f1xx/stm32f1xx_hal_cortex.o
                0x08000530                HAL_NVIC_EnableIRQ
 .text.HAL_SYSTICK_Config
                0x08000548       0x2c ./system/src/stm32f1xx/stm32f1xx_hal_cortex.o
                0x08000548                HAL_SYSTICK_Config
 .text.DMA_SetConfig
                0x08000574       0x24 ./system/src/stm32f1xx/stm32f1xx_hal_dma.o
 .text.HAL_DMA_Init
                0x08000598       0x54 ./system/src/stm32f1xx/stm32f1xx_hal_dma.o
                0x08000598                HAL_DMA_Init
 .text.HAL_DMA_Start_IT
                0x080005ec       0x58 ./system/src/stm32f1xx/stm32f1xx_hal_dma.o
                0x080005ec                HAL_DMA_Start_IT
 .text.HAL_DMA_IRQHandler
                0x08000644      0x794 ./system/src/stm32f1xx/stm32f1xx_hal_dma.o
                0x08000644                HAL_DMA_IRQHandler
 .text.HAL_GPIO_Init
                0x08000dd8      0x200 ./system/src/stm32f1xx/stm32f1xx_hal_gpio.o
                0x08000dd8                HAL_GPIO_Init
 .text.HAL_GPIO_ReadPin
                0x08000fd8       0x10 ./system/src/stm32f1xx/stm32f1xx_hal_gpio.o
                0x08000fd8                HAL_GPIO_ReadPin
 .text.HAL_GPIO_WritePin
                0x08000fe8        0xc ./system/src/stm32f1xx/stm32f1xx_hal_gpio.o
                0x08000fe8                HAL_GPIO_WritePin
 .text.HAL_GPIO_EXTI_IRQHandler
                0x08000ff4       0x18 ./system/src/stm32f1xx/stm32f1xx_hal_gpio.o
                0x08000ff4                HAL_GPIO_EXTI_IRQHandler
 .text.I2C_Configure_Speed
                0x0800100c       0x4c ./system/src/stm32f1xx/stm32f1xx_hal_i2c.o
 .text.I2C_WaitOnMasterAddressFlagUntilTimeout
                0x08001058       0x94 ./system/src/stm32f1xx/stm32f1xx_hal_i2c.o
 .text.I2C_WaitOnFlagUntilTimeout
                0x080010ec       0xd0 ./system/src/stm32f1xx/stm32f1xx_hal_i2c.o
 .text.I2C_MasterRequestWrite
                0x080011bc       0x8c ./system/src/stm32f1xx/stm32f1xx_hal_i2c.o
 .text.I2C_MasterRequestRead
                0x08001248       0xe8 ./system/src/stm32f1xx/stm32f1xx_hal_i2c.o
 .text.HAL_I2C_MspInit
                0x08001330        0x4 ./system/src/stm32f1xx/stm32f1xx_hal_i2c.o
                0x08001330                HAL_I2C_MspInit
 .text.HAL_I2C_Init
                0x08001334       0xb0 ./system/src/stm32f1xx/stm32f1xx_hal_i2c.o
                0x08001334                HAL_I2C_Init
 .text.HAL_I2C_Master_Transmit
                0x080013e4      0x114 ./system/src/stm32f1xx/stm32f1xx_hal_i2c.o
                0x080013e4                HAL_I2C_Master_Transmit
 .text.HAL_I2C_Master_Receive
                0x080014f8      0x240 ./system/src/stm32f1xx/stm32f1xx_hal_i2c.o
                0x080014f8                HAL_I2C_Master_Receive
 .text.HAL_MspInit
                0x08001738        0x4 ./system/src/stm32f1xx/stm32f1xx_hal_msp_template.o
                0x08001738                HAL_MspInit
 .text.HAL_RCC_DeInit
                0x0800173c       0x4c ./system/src/stm32f1xx/stm32f1xx_hal_rcc.o
                0x0800173c                HAL_RCC_DeInit
 .text.HAL_RCC_OscConfig
                0x08001788      0x6c4 ./system/src/stm32f1xx/stm32f1xx_hal_rcc.o
                0x08001788                HAL_RCC_OscConfig
 .text.HAL_RCC_ClockConfig
                0x08001e4c      0x2dc ./system/src/stm32f1xx/stm32f1xx_hal_rcc.o
                0x08001e4c                HAL_RCC_ClockConfig
 .text.HAL_RCC_GetSysClockFreq
                0x08002128       0x94 ./system/src/stm32f1xx/stm32f1xx_hal_rcc.o
                0x08002128                HAL_RCC_GetSysClockFreq
 .text.HAL_RCC_GetHCLKFreq
                0x080021bc       0x34 ./system/src/stm32f1xx/stm32f1xx_hal_rcc.o
                0x080021bc                HAL_RCC_GetHCLKFreq
 .text.HAL_RCC_GetPCLK1Freq
                0x080021f0       0x30 ./system/src/stm32f1xx/stm32f1xx_hal_rcc.o
                0x080021f0                HAL_RCC_GetPCLK1Freq
 .text.HAL_RCC_GetPCLK2Freq
                0x08002220       0x30 ./system/src/stm32f1xx/stm32f1xx_hal_rcc.o
                0x08002220                HAL_RCC_GetPCLK2Freq
 .text.UART_SetConfig
                0x08002250      0x124 ./system/src/stm32f1xx/stm32f1xx_hal_uart.o
 .text.UART_WaitOnFlagUntilTimeout
                0x08002374       0xd4 ./system/src/stm32f1xx/stm32f1xx_hal_uart.o
 .text.HAL_UART_MspInit
                0x08002448        0x4 ./system/src/stm32f1xx/stm32f1xx_hal_uart.o
                0x08002448                HAL_UART_MspInit
 .text.HAL_UART_Init
                0x0800244c       0x60 ./system/src/stm32f1xx/stm32f1xx_hal_uart.o
                0x0800244c                HAL_UART_Init
 .text.HAL_UART_Transmit
                0x080024ac       0xe8 ./system/src/stm32f1xx/stm32f1xx_hal_uart.o
                0x080024ac                HAL_UART_Transmit
 .text.HAL_UART_Receive_DMA
                0x08002594       0x98 ./system/src/stm32f1xx/stm32f1xx_hal_uart.o
                0x08002594                HAL_UART_Receive_DMA
 .text.UART_DMAReceiveCplt
                0x0800262c       0x3c ./system/src/stm32f1xx/stm32f1xx_hal_uart.o
 .text.HAL_UART_RxHalfCpltCallback
                0x08002668        0x4 ./system/src/stm32f1xx/stm32f1xx_hal_uart.o
                0x08002668                HAL_UART_RxHalfCpltCallback
 .text.UART_DMARxHalfCplt
                0x0800266c        0xc ./system/src/stm32f1xx/stm32f1xx_hal_uart.o
 .text.HAL_UART_ErrorCallback
                0x08002678        0x4 ./system/src/stm32f1xx/stm32f1xx_hal_uart.o
                0x08002678                HAL_UART_ErrorCallback
 .text.UART_DMAError
                0x0800267c       0x20 ./system/src/stm32f1xx/stm32f1xx_hal_uart.o
 .text._exit    0x0800269c        0x4 ./system/src/newlib/_exit.o
                0x0800269c                _exit
 .text._sbrk    0x080026a0       0x44 ./system/src/newlib/_sbrk.o
                0x080026a0                _sbrk
 .text.__initialize_args
                0x080026e4       0x10 ./system/src/newlib/_syscalls.o
                0x080026e4                __initialize_args
 .text.trace_printf
                0x080026f4       0x34 ./system/src/diag/Trace.o
                0x080026f4                trace_printf
 .text.trace_write
                0x08002728        0x8 ./system/src/diag/trace_impl.o
                0x08002728                trace_write
 .text.__initialize_hardware_early
                0x08002730       0x18 ./system/src/cortexm/_initialize_hardware.o
                0x08002730                __initialize_hardware_early
 .text.__initialize_hardware
                0x08002748        0x8 ./system/src/cortexm/_initialize_hardware.o
                0x08002748                __initialize_hardware
 .text.dumpExceptionStack
                0x08002750       0xf0 ./system/src/cortexm/exception_handlers.o
                0x08002750                dumpExceptionStack
 .text.Default_Handler
                0x08002840        0x4 ./system/src/CMSIS/startup_stm32f103xe.o
                0x08002840                RTC_Alarm_IRQHandler
                0x08002840                EXTI2_IRQHandler
                0x08002840                TIM8_TRG_COM_IRQHandler
                0x08002840                TIM8_CC_IRQHandler
                0x08002840                TIM1_CC_IRQHandler
                0x08002840                TIM6_IRQHandler
                0x08002840                PVD_IRQHandler
                0x08002840                SDIO_IRQHandler
                0x08002840                EXTI3_IRQHandler
                0x08002840                EXTI0_IRQHandler
                0x08002840                I2C2_EV_IRQHandler
                0x08002840                ADC1_2_IRQHandler
                0x08002840                SPI1_IRQHandler
                0x08002840                TAMPER_IRQHandler
                0x08002840                TIM8_UP_IRQHandler
                0x08002840                DMA2_Channel2_IRQHandler
                0x08002840                DMA1_Channel4_IRQHandler
                0x08002840                USART3_IRQHandler
                0x08002840                RTC_IRQHandler
                0x08002840                DMA1_Channel7_IRQHandler
                0x08002840                CAN1_RX1_IRQHandler
                0x08002840                UART5_IRQHandler
                0x08002840                ADC3_IRQHandler
                0x08002840                TIM4_IRQHandler
                0x08002840                DMA2_Channel1_IRQHandler
                0x08002840                I2C1_EV_IRQHandler
                0x08002840                DMA1_Channel6_IRQHandler
                0x08002840                UART4_IRQHandler
                0x08002840                TIM3_IRQHandler
                0x08002840                RCC_IRQHandler
                0x08002840                TIM1_TRG_COM_IRQHandler
                0x08002840                DMA1_Channel1_IRQHandler
                0x08002840                Default_Handler
                0x08002840                TIM7_IRQHandler
                0x08002840                TIM5_IRQHandler
                0x08002840                EXTI9_5_IRQHandler
                0x08002840                SPI2_IRQHandler
                0x08002840                EXTI4_IRQHandler
                0x08002840                USB_LP_CAN1_RX0_IRQHandler
                0x08002840                USB_HP_CAN1_TX_IRQHandler
                0x08002840                DMA1_Channel3_IRQHandler
                0x08002840                FSMC_IRQHandler
                0x08002840                TIM1_UP_IRQHandler
                0x08002840                WWDG_IRQHandler
                0x08002840                TIM2_IRQHandler
                0x08002840                TIM1_BRK_IRQHandler
                0x08002840                EXTI1_IRQHandler
                0x08002840                DMA2_Channel4_5_IRQHandler
                0x08002840                USART2_IRQHandler
                0x08002840                I2C2_ER_IRQHandler
                0x08002840                DMA1_Channel2_IRQHandler
                0x08002840                TIM8_BRK_IRQHandler
                0x08002840                CAN1_SCE_IRQHandler
                0x08002840                FLASH_IRQHandler
                0x08002840                USART1_IRQHandler
                0x08002840                SPI3_IRQHandler
                0x08002840                I2C1_ER_IRQHandler
                0x08002840                USBWakeUp_IRQHandler
                0x08002840                DMA2_Channel3_IRQHandler
 .text.SystemInit
                0x08002844       0x4c ./system/src/CMSIS/system_stm32f1xx.o
                0x08002844                SystemInit
 .text.SystemCoreClockUpdate
                0x08002890       0x94 ./system/src/CMSIS/system_stm32f1xx.o
                0x08002890                SystemCoreClockUpdate
 .text.CM32VR60_reportTime
                0x08002924       0x20 ./src/CM32VR60.o
                0x08002924                CM32VR60_reportTime
 .text.CM32VR60_receiveI2C
                0x08002944       0x3c ./src/CM32VR60.o
                0x08002944                CM32VR60_receiveI2C
 .text.CM32VR60_init
                0x08002980       0x6c ./src/CM32VR60.o
                0x08002980                CM32VR60_init
 .text.usrBtn_0_processing
                0x080029ec       0x9c ./src/bboard_buttons.o
                0x080029ec                usrBtn_0_processing
 .text.usrBtn_1_processing
                0x08002a88       0x9c ./src/bboard_buttons.o
                0x08002a88                usrBtn_1_processing
 .text.bboard_btn_processing_miscTIM_isr
                0x08002b24       0x48 ./src/bboard_buttons.o
                0x08002b24                bboard_btn_processing_miscTIM_isr
 .text.bboard_led_red_on
                0x08002b6c       0x1c ./src/bboard_leds.o
                0x08002b6c                bboard_led_red_on
 .text.bboard_led_green_off
                0x08002b88       0x1c ./src/bboard_leds.o
                0x08002b88                bboard_led_green_off
 .text.bboard_led_green_init
                0x08002ba4       0x4c ./src/bboard_leds.o
                0x08002ba4                bboard_led_green_init
 .text.bboard_led_red_off
                0x08002bf0       0x1c ./src/bboard_leds.o
                0x08002bf0                bboard_led_red_off
 .text.bboard_led_red_init
                0x08002c0c       0x4c ./src/bboard_leds.o
                0x08002c0c                bboard_led_red_init
 .text.bboard_usart1_init
                0x08002c58       0x8c ./src/bboard_system.o
                0x08002c58                bboard_usart1_init
 .text.bboard_usart1_printf
                0x08002ce4       0x3c ./src/bboard_system.o
                0x08002ce4                bboard_usart1_printf
 .text.GPIO_init
                0x08002d20       0x54 ./src/main.o
                0x08002d20                GPIO_init
 .text.Usart_DMA_Init
                0x08002d74       0x68 ./src/main.o
                0x08002d74                Usart_DMA_Init
 .text.HAL_GPIO_EXTI_Callback
                0x08002ddc        0xc ./src/main.o
                0x08002ddc                HAL_GPIO_EXTI_Callback
 .text.HAL_UART_RxCpltCallback
                0x08002de8       0x88 ./src/main.o
                0x08002de8                HAL_UART_RxCpltCallback
 .text.SystemClock_Config
                0x08002e70       0x5c ./src/main.o
                0x08002e70                SystemClock_Config
 .text.print    0x08002ecc       0x3c ./src/main.o
                0x08002ecc                print
 .text.I2C_init
                0x08002f08       0x90 ./src/main.o
                0x08002f08                I2C_init
 .text.main     0x08002f98      0x18c ./src/main.o
                0x08002f98                main
 .text.DMA1_Channel5_IRQHandler
                0x08003124       0x10 ./src/main.o
                0x08003124                DMA1_Channel5_IRQHandler
 .text.EXTI15_10_IRQHandler
                0x08003134        0xc ./src/main.o
                0x08003134                EXTI15_10_IRQHandler
 .text.NMI_Handler
                0x08003140        0x4 ./src/stm32f1xx_it.o
                0x08003140                NMI_Handler
 .text.HardFault_Handler
                0x08003144        0x4 ./src/stm32f1xx_it.o
                0x08003144                HardFault_Handler
 .text.MemManage_Handler
                0x08003148        0x4 ./src/stm32f1xx_it.o
                0x08003148                MemManage_Handler
 .text.BusFault_Handler
                0x0800314c        0x4 ./src/stm32f1xx_it.o
                0x0800314c                BusFault_Handler
 .text.UsageFault_Handler
                0x08003150        0x4 ./src/stm32f1xx_it.o
                0x08003150                UsageFault_Handler
 .text.SVC_Handler
                0x08003154        0x4 ./src/stm32f1xx_it.o
                0x08003154                SVC_Handler
 .text.DebugMon_Handler
                0x08003158        0x4 ./src/stm32f1xx_it.o
                0x08003158                DebugMon_Handler
 .text.PendSV_Handler
                0x0800315c        0x4 ./src/stm32f1xx_it.o
                0x0800315c                PendSV_Handler
 .text.SysTick_Handler
                0x08003160        0xc ./src/stm32f1xx_it.o
                0x08003160                SysTick_Handler
 .text.__errno  0x0800316c        0xc /home/dangnhat/Programs/gcc-arm-none-eabi-4_8-2014q2/bin/../lib/gcc/arm-none-eabi/4.8.4/../../../../arm-none-eabi/lib/armv7-m/libg_s.a(lib_a-errno.o)
                0x0800316c                __errno
 .text.memcmp   0x08003178       0x1e /home/dangnhat/Programs/gcc-arm-none-eabi-4_8-2014q2/bin/../lib/gcc/arm-none-eabi/4.8.4/../../../../arm-none-eabi/lib/armv7-m/libg_s.a(lib_a-memcmp.o)
                0x08003178                memcmp
 .text.memcpy   0x08003196       0x12 /home/dangnhat/Programs/gcc-arm-none-eabi-4_8-2014q2/bin/../lib/gcc/arm-none-eabi/4.8.4/../../../../arm-none-eabi/lib/armv7-m/libg_s.a(lib_a-memcpy-stub.o)
                0x08003196                memcpy
 .text.strlen   0x080031a8       0x10 /home/dangnhat/Programs/gcc-arm-none-eabi-4_8-2014q2/bin/../lib/gcc/arm-none-eabi/4.8.4/../../../../arm-none-eabi/lib/armv7-m/libg_s.a(lib_a-strlen.o)
                0x080031a8                strlen
 .text._vsnprintf_r
                0x080031b8       0x52 /home/dangnhat/Programs/gcc-arm-none-eabi-4_8-2014q2/bin/../lib/gcc/arm-none-eabi/4.8.4/../../../../arm-none-eabi/lib/armv7-m/libg_s.a(lib_a-vsnprintf.o)
                0x080031b8                _vsnprintf_r
                0x080031b8                _vsniprintf_r
 *fill*         0x0800320a        0x2 
 .text.vsnprintf
                0x0800320c       0x20 /home/dangnhat/Programs/gcc-arm-none-eabi-4_8-2014q2/bin/../lib/gcc/arm-none-eabi/4.8.4/../../../../arm-none-eabi/lib/armv7-m/libg_s.a(lib_a-vsnprintf.o)
                0x0800320c                vsnprintf
                0x0800320c                vsniprintf
 .text.__ssputs_r
                0x0800322c       0xb8 /home/dangnhat/Programs/gcc-arm-none-eabi-4_8-2014q2/bin/../lib/gcc/arm-none-eabi/4.8.4/../../../../arm-none-eabi/lib/armv7-m/libg_s.a(lib_a-svfprintf.o)
                0x0800322c                __ssputs_r
 .text._svfprintf_r
                0x080032e4      0x1d8 /home/dangnhat/Programs/gcc-arm-none-eabi-4_8-2014q2/bin/../lib/gcc/arm-none-eabi/4.8.4/../../../../arm-none-eabi/lib/armv7-m/libg_s.a(lib_a-svfprintf.o)
                0x080032e4                _svfprintf_r
                0x080032e4                _svfiprintf_r
 .text._printf_common
                0x080034bc       0xe4 /home/dangnhat/Programs/gcc-arm-none-eabi-4_8-2014q2/bin/../lib/gcc/arm-none-eabi/4.8.4/../../../../arm-none-eabi/lib/armv7-m/libg_s.a(lib_a-vfprintf_i.o)
                0x080034bc                _printf_common
 .text._printf_i
                0x080035a0      0x228 /home/dangnhat/Programs/gcc-arm-none-eabi-4_8-2014q2/bin/../lib/gcc/arm-none-eabi/4.8.4/../../../../arm-none-eabi/lib/armv7-m/libg_s.a(lib_a-vfprintf_i.o)
                0x080035a0                _printf_i
 .text.memchr   0x080037c8       0x1c /home/dangnhat/Programs/gcc-arm-none-eabi-4_8-2014q2/bin/../lib/gcc/arm-none-eabi/4.8.4/../../../../arm-none-eabi/lib/armv7-m/libg_s.a(lib_a-memchr-stub.o)
                0x080037c8                memchr
 .text.memmove  0x080037e4       0x36 /home/dangnhat/Programs/gcc-arm-none-eabi-4_8-2014q2/bin/../lib/gcc/arm-none-eabi/4.8.4/../../../../arm-none-eabi/lib/armv7-m/libg_s.a(lib_a-memmove.o)
                0x080037e4                memmove
 *fill*         0x0800381a        0x2 
 .text._free_r  0x0800381c       0x88 /home/dangnhat/Programs/gcc-arm-none-eabi-4_8-2014q2/bin/../lib/gcc/arm-none-eabi/4.8.4/../../../../arm-none-eabi/lib/armv7-m/libg_s.a(lib_a-nano-freer.o)
                0x0800381c                _free_r
 .text._malloc_r
                0x080038a4       0xa8 /home/dangnhat/Programs/gcc-arm-none-eabi-4_8-2014q2/bin/../lib/gcc/arm-none-eabi/4.8.4/../../../../arm-none-eabi/lib/armv7-m/libg_s.a(lib_a-nano-mallocr.o)
                0x080038a4                _malloc_r
 .text._realloc_r
                0x0800394c       0x4c /home/dangnhat/Programs/gcc-arm-none-eabi-4_8-2014q2/bin/../lib/gcc/arm-none-eabi/4.8.4/../../../../arm-none-eabi/lib/armv7-m/libg_s.a(lib_a-nano-reallocr.o)
                0x0800394c                _realloc_r
 .text._sbrk_r  0x08003998       0x20 /home/dangnhat/Programs/gcc-arm-none-eabi-4_8-2014q2/bin/../lib/gcc/arm-none-eabi/4.8.4/../../../../arm-none-eabi/lib/armv7-m/libg_s.a(lib_a-sbrkr.o)
                0x08003998                _sbrk_r
 .text._malloc_usable_size_r
                0x080039b8       0x12 /home/dangnhat/Programs/gcc-arm-none-eabi-4_8-2014q2/bin/../lib/gcc/arm-none-eabi/4.8.4/../../../../arm-none-eabi/lib/armv7-m/libg_s.a(lib_a-nano-msizer.o)
                0x080039b8                _malloc_usable_size_r
 *(.rodata .rodata.* .constdata .constdata.*)
 *fill*         0x080039ca        0x2 
 .rodata        0x080039cc       0x14 ./system/src/stm32f1xx/stm32f1xx_hal_rcc.o
 .rodata.aAPBAHBPrescTable
                0x080039e0       0x10 ./system/src/stm32f1xx/stm32f1xx_hal_rcc.o
                0x080039e0                aAPBAHBPrescTable
 .rodata.str1.4
                0x080039f0      0x146 ./system/src/cortexm/exception_handlers.o
                                0x148 (size before relaxing)
 *fill*         0x08003b36        0x2 
 .rodata.AHBPrescTable
                0x08003b38       0x10 ./system/src/CMSIS/system_stm32f1xx.o
                0x08003b38                AHBPrescTable
 .rodata.str1.4
                0x08003b48       0x55 ./src/CM32VR60.o
                                 0x58 (size before relaxing)
 *fill*         0x08003b9d        0x3 
 .rodata.str1.4
                0x08003ba0       0xd8 ./src/main.o
                                 0xdc (size before relaxing)
 .rodata.str1.1
                0x08003c78        0x2 /home/dangnhat/Programs/gcc-arm-none-eabi-4_8-2014q2/bin/../lib/gcc/arm-none-eabi/4.8.4/../../../../arm-none-eabi/lib/armv7-m/libg_s.a(lib_a-impure.o)
 .rodata.str1.1
                0x08003c7a       0x11 /home/dangnhat/Programs/gcc-arm-none-eabi-4_8-2014q2/bin/../lib/gcc/arm-none-eabi/4.8.4/../../../../arm-none-eabi/lib/armv7-m/libg_s.a(lib_a-svfprintf.o)
 .rodata.str1.1
                0x08003c8b       0x22 /home/dangnhat/Programs/gcc-arm-none-eabi-4_8-2014q2/bin/../lib/gcc/arm-none-eabi/4.8.4/../../../../arm-none-eabi/lib/armv7-m/libg_s.a(lib_a-vfprintf_i.o)
 *(vtable)
 *(.eh_frame*)
 *(.glue_7)
 .glue_7        0x00000000        0x0 linker stubs
 *(.glue_7t)
 .glue_7t       0x00000000        0x0 linker stubs

.vfp11_veneer   0x08003cb0        0x0
 .vfp11_veneer  0x00000000        0x0 linker stubs

.v4_bx          0x08003cb0        0x0
 .v4_bx         0x00000000        0x0 linker stubs

.iplt           0x08003cb0        0x0
 .iplt          0x00000000        0x0 ./system/src/stm32f1xx/stm32f1xx_hal.o

.rel.dyn        0x08003cb0        0x0
 .rel.iplt      0x00000000        0x0 ./system/src/stm32f1xx/stm32f1xx_hal.o

.ARM.extab
 *(.ARM.extab* .gnu.linkonce.armextab.*)
                0x08003cb0                . = ALIGN (0x4)
                0x08003cb0                __exidx_start = .

.ARM.exidx
 *(.ARM.exidx* .gnu.linkonce.armexidx.*)
                0x08003cb0                __exidx_end = .
                0x08003cb0                . = ALIGN (0x4)
                0x08003cb0                _etext = .
                0x08003cb0                __etext = .

.data_CCMRAM    0x10000000        0x0 load address 0x08003cb0
 FILL mask 0xff
 *(.data.CCMRAM .data.CCMRAM.*)
                0x10000000                . = ALIGN (0x4)
                0x08003cb0                _sidata = LOADADDR (.data)

.data           0x20000000       0xa8 load address 0x08003cb0
 FILL mask 0xff
                0x20000000                _sdata = .
                0x20000000                __data_start__ = .
 *(.data_begin .data_begin.*)
 .data_begin    0x20000000        0x4 ./system/src/newlib/_startup.o
 *(.data .data.*)
 .data.argv.4458
                0x20000004        0x8 ./system/src/newlib/_syscalls.o
 .data.SystemCoreClock
                0x2000000c        0x4 ./system/src/CMSIS/system_stm32f1xx.o
                0x2000000c                SystemCoreClock
 .data.keyRead_2
                0x20000010        0x4 ./src/bboard_buttons.o
                0x20000010                keyRead_2
 .data.keyRead_3
                0x20000014        0x4 ./src/bboard_buttons.o
                0x20000014                keyRead_3
 .data.keyOldState
                0x20000018        0x4 ./src/bboard_buttons.o
                0x20000018                keyOldState
 .data.btn_processingFunctions_p
                0x2000001c        0x8 ./src/bboard_buttons.o
                0x2000001c                btn_processingFunctions_p
 .data.btn_GPIO_ports
                0x20000024        0x8 ./src/bboard_buttons.o
                0x20000024                btn_GPIO_ports
 .data.keyRead_1
                0x2000002c        0x4 ./src/bboard_buttons.o
                0x2000002c                keyRead_1
 .data.led_gpio
                0x20000030        0x8 ./src/bboard_leds.o
                0x20000030                led_gpio
 .data.led_pin  0x20000038        0x8 ./src/bboard_leds.o
                0x20000038                led_pin
 .data.impure_data
                0x20000040       0x60 /home/dangnhat/Programs/gcc-arm-none-eabi-4_8-2014q2/bin/../lib/gcc/arm-none-eabi/4.8.4/../../../../arm-none-eabi/lib/armv7-m/libg_s.a(lib_a-impure.o)
 .data._impure_ptr
                0x200000a0        0x4 /home/dangnhat/Programs/gcc-arm-none-eabi-4_8-2014q2/bin/../lib/gcc/arm-none-eabi/4.8.4/../../../../arm-none-eabi/lib/armv7-m/libg_s.a(lib_a-impure.o)
                0x200000a0                _impure_ptr
 *(.data_end .data_end.*)
 .data_end      0x200000a4        0x4 ./system/src/newlib/_startup.o
                0x200000a8                . = ALIGN (0x4)
                0x200000a8                _edata = .
                0x200000a8                __data_end__ = .

.igot.plt       0x200000a8        0x0 load address 0x08003d58
 .igot.plt      0x00000000        0x0 ./system/src/stm32f1xx/stm32f1xx_hal.o

.bss_CCMRAM     0x10000000        0x0
 *(.bss.CCMRAM .bss.CCMRAM.*)

.bss            0x200000a8      0x1b0
                0x200000a8                __bss_start__ = .
                0x200000a8                _sbss = .
 *(.bss_begin .bss_begin.*)
 .bss_begin     0x200000a8        0x4 ./system/src/newlib/_startup.o
 *(.bss .bss.*)
 .bss.uwTick    0x200000ac        0x4 ./system/src/stm32f1xx/stm32f1xx_hal.o
 .bss.current_heap_end.4285
                0x200000b0        0x4 ./system/src/newlib/_sbrk.o
 .bss.name.4457
                0x200000b4        0x4 ./system/src/newlib/_syscalls.o
 .bss.buf.5348  0x200000b8       0x80 ./system/src/diag/Trace.o
 .bss.isNewKeyPressed
                0x20000138        0x4 ./src/bboard_buttons.o
                0x20000138                isNewKeyPressed
 .bss.longTimePressed_count
                0x2000013c        0x4 ./src/bboard_buttons.o
                0x2000013c                longTimePressed_count
 .bss.timeCycle_count
                0x20000140        0x1 ./src/bboard_buttons.o
                0x20000140                timeCycle_count
 *fill*         0x20000141        0x3 
 .bss.isLongTimePressed
                0x20000144        0x4 ./src/bboard_buttons.o
                0x20000144                isLongTimePressed
 .bss.rxByte    0x20000148        0x1 ./src/main.o
                0x20000148                rxByte
 .bss.rxIndex   0x20000149        0x1 ./src/main.o
                0x20000149                rxIndex
 *fill*         0x2000014a        0x2 
 .bss.__malloc_sbrk_start
                0x2000014c        0x4 /home/dangnhat/Programs/gcc-arm-none-eabi-4_8-2014q2/bin/../lib/gcc/arm-none-eabi/4.8.4/../../../../arm-none-eabi/lib/armv7-m/libg_s.a(lib_a-nano-mallocr.o)
                0x2000014c                __malloc_sbrk_start
 .bss.__malloc_free_list
                0x20000150        0x4 /home/dangnhat/Programs/gcc-arm-none-eabi-4_8-2014q2/bin/../lib/gcc/arm-none-eabi/4.8.4/../../../../arm-none-eabi/lib/armv7-m/libg_s.a(lib_a-nano-mallocr.o)
                0x20000150                __malloc_free_list
 *(COMMON)
 COMMON         0x20000154        0x4 ./system/src/newlib/_syscalls.o
                0x20000154                errno
 COMMON         0x20000158       0x40 ./src/bboard_system.o
                0x20000158                bboard_uart1_handle
 COMMON         0x20000198       0xb9 ./src/main.o
                0x20000198                cmdReceived
                0x2000019c                i2c_handle
                0x200001d8                dma_rx_params
                0x20000210                rxBuffer
                0x20000250                operationFinished
 *(.bss_end .bss_end.*)
 *fill*         0x20000251        0x3 
 .bss_end       0x20000254        0x4 ./system/src/newlib/_startup.o
                0x20000258                . = ALIGN (0x4)
                0x20000258                __bss_end__ = .
                0x20000258                _ebss = .

.noinit_CCMRAM
 *(.noinit.CCMRAM .noinit.CCMRAM.*)

.noinit         0x20000258        0x0
                0x20000258                _noinit = .
 *(.noinit .noinit.*)
                0x20000258                . = ALIGN (0x4)
                0x20000258                _end_noinit = .
                0x20000258                PROVIDE (end, _end_noinit)
                0x20000258                PROVIDE (_end, _end_noinit)
                0x20000258                PROVIDE (__end, _end_noinit)
                0x20000258                PROVIDE (__end__, _end_noinit)

._check_stack   0x20000258      0x100
                0x20000358                . = (. + _Minimum_Stack_Size)
 *fill*         0x20000258      0x100 

.b1text
 *(.b1text)
 *(.b1rodata)
 *(.b1rodata.*)

.eb0text
 *(.eb0text)
 *(.eb0rodata)
 *(.eb0rodata.*)

.eb1text
 *(.eb1text)
 *(.eb1rodata)
 *(.eb1rodata.*)

.eb2text
 *(.eb2text)
 *(.eb2rodata)
 *(.eb2rodata.*)

.eb3text
 *(.eb3text)
 *(.eb3rodata)
 *(.eb3rodata.*)

.stab
 *(.stab)

.stabstr
 *(.stabstr)

.stab.excl
 *(.stab.excl)

.stab.exclstr
 *(.stab.exclstr)

.stab.index
 *(.stab.index)

.stab.indexstr
 *(.stab.indexstr)

.comment        0x00000000       0x70
 *(.comment)
 .comment       0x00000000       0x70 ./system/src/stm32f1xx/stm32f1xx_hal.o
                                 0x71 (size before relaxing)
 .comment       0x00000000       0x71 ./system/src/stm32f1xx/stm32f1xx_hal_cortex.o
 .comment       0x00000000       0x71 ./system/src/stm32f1xx/stm32f1xx_hal_dma.o
 .comment       0x00000000       0x71 ./system/src/stm32f1xx/stm32f1xx_hal_gpio.o
 .comment       0x00000000       0x71 ./system/src/stm32f1xx/stm32f1xx_hal_i2c.o
 .comment       0x00000000       0x71 ./system/src/stm32f1xx/stm32f1xx_hal_msp_template.o
 .comment       0x00000000       0x71 ./system/src/stm32f1xx/stm32f1xx_hal_rcc.o
 .comment       0x00000000       0x71 ./system/src/stm32f1xx/stm32f1xx_hal_uart.o
 .comment       0x00000000       0x71 ./system/src/newlib/_exit.o
 .comment       0x00000000       0x71 ./system/src/newlib/_sbrk.o
 .comment       0x00000000       0x71 ./system/src/newlib/_startup.o
 .comment       0x00000000       0x71 ./system/src/newlib/_syscalls.o
 .comment       0x00000000       0x71 ./system/src/diag/Trace.o
 .comment       0x00000000       0x71 ./system/src/diag/trace_impl.o
 .comment       0x00000000       0x71 ./system/src/cortexm/_initialize_hardware.o
 .comment       0x00000000       0x71 ./system/src/cortexm/exception_handlers.o
 .comment       0x00000000       0x71 ./system/src/CMSIS/system_stm32f1xx.o
 .comment       0x00000000       0x71 ./src/CM32VR60.o
 .comment       0x00000000       0x71 ./src/bboard_buttons.o
 .comment       0x00000000       0x71 ./src/bboard_leds.o
 .comment       0x00000000       0x71 ./src/bboard_system.o
 .comment       0x00000000       0x71 ./src/main.o
 .comment       0x00000000       0x71 ./src/stm32f1xx_it.o

.ARM.attributes
                0x00000000       0x31
 .ARM.attributes
                0x00000000       0x33 ./system/src/stm32f1xx/stm32f1xx_hal.o
 .ARM.attributes
                0x00000033       0x33 ./system/src/stm32f1xx/stm32f1xx_hal_cortex.o
 .ARM.attributes
                0x00000066       0x33 ./system/src/stm32f1xx/stm32f1xx_hal_dma.o
 .ARM.attributes
                0x00000099       0x33 ./system/src/stm32f1xx/stm32f1xx_hal_gpio.o
 .ARM.attributes
                0x000000cc       0x33 ./system/src/stm32f1xx/stm32f1xx_hal_i2c.o
 .ARM.attributes
                0x000000ff       0x33 ./system/src/stm32f1xx/stm32f1xx_hal_msp_template.o
 .ARM.attributes
                0x00000132       0x33 ./system/src/stm32f1xx/stm32f1xx_hal_rcc.o
 .ARM.attributes
                0x00000165       0x33 ./system/src/stm32f1xx/stm32f1xx_hal_uart.o
 .ARM.attributes
                0x00000198       0x33 ./system/src/newlib/_exit.o
 .ARM.attributes
                0x000001cb       0x33 ./system/src/newlib/_sbrk.o
 .ARM.attributes
                0x000001fe       0x33 ./system/src/newlib/_startup.o
 .ARM.attributes
                0x00000231       0x33 ./system/src/newlib/_syscalls.o
 .ARM.attributes
                0x00000264       0x33 ./system/src/diag/Trace.o
 .ARM.attributes
                0x00000297       0x33 ./system/src/diag/trace_impl.o
 .ARM.attributes
                0x000002ca       0x33 ./system/src/cortexm/_initialize_hardware.o
 .ARM.attributes
                0x000002fd       0x33 ./system/src/cortexm/exception_handlers.o
 .ARM.attributes
                0x00000330       0x21 ./system/src/CMSIS/startup_stm32f103xe.o
 .ARM.attributes
                0x00000351       0x33 ./system/src/CMSIS/system_stm32f1xx.o
 .ARM.attributes
                0x00000384       0x33 ./src/CM32VR60.o
 .ARM.attributes
                0x000003b7       0x33 ./src/bboard_buttons.o
 .ARM.attributes
                0x000003ea       0x33 ./src/bboard_leds.o
 .ARM.attributes
                0x0000041d       0x33 ./src/bboard_system.o
 .ARM.attributes
                0x00000450       0x33 ./src/main.o
 .ARM.attributes
                0x00000483       0x33 ./src/stm32f1xx_it.o
 .ARM.attributes
                0x000004b6       0x2d /home/dangnhat/Programs/gcc-arm-none-eabi-4_8-2014q2/bin/../lib/gcc/arm-none-eabi/4.8.4/../../../../arm-none-eabi/lib/armv7-m/libg_s.a(lib_a-errno.o)
 .ARM.attributes
                0x000004e3       0x2d /home/dangnhat/Programs/gcc-arm-none-eabi-4_8-2014q2/bin/../lib/gcc/arm-none-eabi/4.8.4/../../../../arm-none-eabi/lib/armv7-m/libg_s.a(lib_a-impure.o)
 .ARM.attributes
                0x00000510       0x2d /home/dangnhat/Programs/gcc-arm-none-eabi-4_8-2014q2/bin/../lib/gcc/arm-none-eabi/4.8.4/../../../../arm-none-eabi/lib/armv7-m/libg_s.a(lib_a-memcmp.o)
 .ARM.attributes
                0x0000053d       0x2d /home/dangnhat/Programs/gcc-arm-none-eabi-4_8-2014q2/bin/../lib/gcc/arm-none-eabi/4.8.4/../../../../arm-none-eabi/lib/armv7-m/libg_s.a(lib_a-memcpy-stub.o)
 .ARM.attributes
                0x0000056a       0x2d /home/dangnhat/Programs/gcc-arm-none-eabi-4_8-2014q2/bin/../lib/gcc/arm-none-eabi/4.8.4/../../../../arm-none-eabi/lib/armv7-m/libg_s.a(lib_a-strlen.o)
 .ARM.attributes
                0x00000597       0x2d /home/dangnhat/Programs/gcc-arm-none-eabi-4_8-2014q2/bin/../lib/gcc/arm-none-eabi/4.8.4/../../../../arm-none-eabi/lib/armv7-m/libg_s.a(lib_a-vsnprintf.o)
 .ARM.attributes
                0x000005c4       0x2d /home/dangnhat/Programs/gcc-arm-none-eabi-4_8-2014q2/bin/../lib/gcc/arm-none-eabi/4.8.4/../../../../arm-none-eabi/lib/armv7-m/libg_s.a(lib_a-svfprintf.o)
 .ARM.attributes
                0x000005f1       0x2d /home/dangnhat/Programs/gcc-arm-none-eabi-4_8-2014q2/bin/../lib/gcc/arm-none-eabi/4.8.4/../../../../arm-none-eabi/lib/armv7-m/libg_s.a(lib_a-vfprintf_i.o)
 .ARM.attributes
                0x0000061e       0x2d /home/dangnhat/Programs/gcc-arm-none-eabi-4_8-2014q2/bin/../lib/gcc/arm-none-eabi/4.8.4/../../../../arm-none-eabi/lib/armv7-m/libg_s.a(lib_a-memchr-stub.o)
 .ARM.attributes
                0x0000064b       0x2d /home/dangnhat/Programs/gcc-arm-none-eabi-4_8-2014q2/bin/../lib/gcc/arm-none-eabi/4.8.4/../../../../arm-none-eabi/lib/armv7-m/libg_s.a(lib_a-memmove.o)
 .ARM.attributes
                0x00000678       0x2d /home/dangnhat/Programs/gcc-arm-none-eabi-4_8-2014q2/bin/../lib/gcc/arm-none-eabi/4.8.4/../../../../arm-none-eabi/lib/armv7-m/libg_s.a(lib_a-nano-freer.o)
 .ARM.attributes
                0x000006a5       0x2d /home/dangnhat/Programs/gcc-arm-none-eabi-4_8-2014q2/bin/../lib/gcc/arm-none-eabi/4.8.4/../../../../arm-none-eabi/lib/armv7-m/libg_s.a(lib_a-nano-mallocr.o)
 .ARM.attributes
                0x000006d2       0x2d /home/dangnhat/Programs/gcc-arm-none-eabi-4_8-2014q2/bin/../lib/gcc/arm-none-eabi/4.8.4/../../../../arm-none-eabi/lib/armv7-m/libg_s.a(lib_a-nano-reallocr.o)
 .ARM.attributes
                0x000006ff       0x2d /home/dangnhat/Programs/gcc-arm-none-eabi-4_8-2014q2/bin/../lib/gcc/arm-none-eabi/4.8.4/../../../../arm-none-eabi/lib/armv7-m/libg_s.a(lib_a-sbrkr.o)
 .ARM.attributes
                0x0000072c       0x2d /home/dangnhat/Programs/gcc-arm-none-eabi-4_8-2014q2/bin/../lib/gcc/arm-none-eabi/4.8.4/../../../../arm-none-eabi/lib/armv7-m/libg_s.a(lib_a-nano-msizer.o)

.debug
 *(.debug)

.line
 *(.line)

.debug_srcinfo
 *(.debug_srcinfo)

.debug_sfnames
 *(.debug_sfnames)

.debug_aranges  0x00000000      0xaa0
 *(.debug_aranges)
 .debug_aranges
                0x00000000       0xb0 ./system/src/stm32f1xx/stm32f1xx_hal.o
 .debug_aranges
                0x000000b0       0x90 ./system/src/stm32f1xx/stm32f1xx_hal_cortex.o
 .debug_aranges
                0x00000140       0x68 ./system/src/stm32f1xx/stm32f1xx_hal_dma.o
 .debug_aranges
                0x000001a8       0x58 ./system/src/stm32f1xx/stm32f1xx_hal_gpio.o
 .debug_aranges
                0x00000200      0x1f0 ./system/src/stm32f1xx/stm32f1xx_hal_i2c.o
 .debug_aranges
                0x000003f0       0x38 ./system/src/stm32f1xx/stm32f1xx_hal_msp_template.o
 .debug_aranges
                0x00000428       0x88 ./system/src/stm32f1xx/stm32f1xx_hal_rcc.o
 .debug_aranges
                0x000004b0      0x150 ./system/src/stm32f1xx/stm32f1xx_hal_uart.o
 .debug_aranges
                0x00000600       0x28 ./system/src/newlib/_exit.o
 .debug_aranges
                0x00000628       0x20 ./system/src/newlib/_sbrk.o
 .debug_aranges
                0x00000648       0x40 ./system/src/newlib/_startup.o
 .debug_aranges
                0x00000688       0xd0 ./system/src/newlib/_syscalls.o
 .debug_aranges
                0x00000758       0x38 ./system/src/diag/Trace.o
 .debug_aranges
                0x00000790       0x28 ./system/src/diag/trace_impl.o
 .debug_aranges
                0x000007b8       0x28 ./system/src/cortexm/_initialize_hardware.o
 .debug_aranges
                0x000007e0       0x88 ./system/src/cortexm/exception_handlers.o
 .debug_aranges
                0x00000868       0x28 ./system/src/CMSIS/startup_stm32f103xe.o
 .debug_aranges
                0x00000890       0x28 ./system/src/CMSIS/system_stm32f1xx.o
 .debug_aranges
                0x000008b8       0x48 ./src/CM32VR60.o
 .debug_aranges
                0x00000900       0x48 ./src/bboard_buttons.o
 .debug_aranges
                0x00000948       0x58 ./src/bboard_leds.o
 .debug_aranges
                0x000009a0       0x38 ./src/bboard_system.o
 .debug_aranges
                0x000009d8       0x68 ./src/main.o
 .debug_aranges
                0x00000a40       0x60 ./src/stm32f1xx_it.o

.debug_pubnames
 *(.debug_pubnames)

.debug_info     0x00000000     0xc536
 *(.debug_info .gnu.linkonce.wi.*)
 .debug_info    0x00000000      0x714 ./system/src/stm32f1xx/stm32f1xx_hal.o
 .debug_info    0x00000714      0xc79 ./system/src/stm32f1xx/stm32f1xx_hal_cortex.o
 .debug_info    0x0000138d      0x62a ./system/src/stm32f1xx/stm32f1xx_hal_dma.o
 .debug_info    0x000019b7      0x5f5 ./system/src/stm32f1xx/stm32f1xx_hal_gpio.o
 .debug_info    0x00001fac     0x2927 ./system/src/stm32f1xx/stm32f1xx_hal_i2c.o
 .debug_info    0x000048d3       0xe9 ./system/src/stm32f1xx/stm32f1xx_hal_msp_template.o
 .debug_info    0x000049bc     0x1574 ./system/src/stm32f1xx/stm32f1xx_hal_rcc.o
 .debug_info    0x00005f30     0x1126 ./system/src/stm32f1xx/stm32f1xx_hal_uart.o
 .debug_info    0x00007056       0xf9 ./system/src/newlib/_exit.o
 .debug_info    0x0000714f      0x11e ./system/src/newlib/_sbrk.o
 .debug_info    0x0000726d      0x478 ./system/src/newlib/_startup.o
 .debug_info    0x000076e5      0x8fd ./system/src/newlib/_syscalls.o
 .debug_info    0x00007fe2      0x324 ./system/src/diag/Trace.o
 .debug_info    0x00008306      0x118 ./system/src/diag/trace_impl.o
 .debug_info    0x0000841e      0x2bc ./system/src/cortexm/_initialize_hardware.o
 .debug_info    0x000086da      0x7b0 ./system/src/cortexm/exception_handlers.o
 .debug_info    0x00008e8a       0x7d ./system/src/CMSIS/startup_stm32f103xe.o
 .debug_info    0x00008f07      0x3a0 ./system/src/CMSIS/system_stm32f1xx.o
 .debug_info    0x000092a7      0x963 ./src/CM32VR60.o
 .debug_info    0x00009c0a      0x559 ./src/bboard_buttons.o
 .debug_info    0x0000a163      0x4aa ./src/bboard_leds.o
 .debug_info    0x0000a60d      0x91a ./src/bboard_system.o
 .debug_info    0x0000af27     0x14ab ./src/main.o
 .debug_info    0x0000c3d2      0x164 ./src/stm32f1xx_it.o

.debug_abbrev   0x00000000     0x269d
 *(.debug_abbrev)
 .debug_abbrev  0x00000000      0x258 ./system/src/stm32f1xx/stm32f1xx_hal.o
 .debug_abbrev  0x00000258      0x28e ./system/src/stm32f1xx/stm32f1xx_hal_cortex.o
 .debug_abbrev  0x000004e6      0x1f2 ./system/src/stm32f1xx/stm32f1xx_hal_dma.o
 .debug_abbrev  0x000006d8      0x1cb ./system/src/stm32f1xx/stm32f1xx_hal_gpio.o
 .debug_abbrev  0x000008a3      0x22e ./system/src/stm32f1xx/stm32f1xx_hal_i2c.o
 .debug_abbrev  0x00000ad1       0x6a ./system/src/stm32f1xx/stm32f1xx_hal_msp_template.o
 .debug_abbrev  0x00000b3b      0x30b ./system/src/stm32f1xx/stm32f1xx_hal_rcc.o
 .debug_abbrev  0x00000e46      0x250 ./system/src/stm32f1xx/stm32f1xx_hal_uart.o
 .debug_abbrev  0x00001096       0xa4 ./system/src/newlib/_exit.o
 .debug_abbrev  0x0000113a       0xbb ./system/src/newlib/_sbrk.o
 .debug_abbrev  0x000011f5      0x1e9 ./system/src/newlib/_startup.o
 .debug_abbrev  0x000013de      0x178 ./system/src/newlib/_syscalls.o
 .debug_abbrev  0x00001556      0x178 ./system/src/diag/Trace.o
 .debug_abbrev  0x000016ce       0xb4 ./system/src/diag/trace_impl.o
 .debug_abbrev  0x00001782       0xea ./system/src/cortexm/_initialize_hardware.o
 .debug_abbrev  0x0000186c      0x1d6 ./system/src/cortexm/exception_handlers.o
 .debug_abbrev  0x00001a42       0x12 ./system/src/CMSIS/startup_stm32f103xe.o
 .debug_abbrev  0x00001a54      0x123 ./system/src/CMSIS/system_stm32f1xx.o
 .debug_abbrev  0x00001b77      0x1d0 ./src/CM32VR60.o
 .debug_abbrev  0x00001d47      0x1e9 ./src/bboard_buttons.o
 .debug_abbrev  0x00001f30      0x19b ./src/bboard_leds.o
 .debug_abbrev  0x000020cb      0x227 ./src/bboard_system.o
 .debug_abbrev  0x000022f2      0x2fa ./src/main.o
 .debug_abbrev  0x000025ec       0xb1 ./src/stm32f1xx_it.o

.debug_line     0x00000000     0xc651
 *(.debug_line)
 .debug_line    0x00000000      0x910 ./system/src/stm32f1xx/stm32f1xx_hal.o
 .debug_line    0x00000910      0x94d ./system/src/stm32f1xx/stm32f1xx_hal_cortex.o
 .debug_line    0x0000125d      0xb24 ./system/src/stm32f1xx/stm32f1xx_hal_dma.o
 .debug_line    0x00001d81      0x926 ./system/src/stm32f1xx/stm32f1xx_hal_gpio.o
 .debug_line    0x000026a7     0x154e ./system/src/stm32f1xx/stm32f1xx_hal_i2c.o
 .debug_line    0x00003bf5      0x7f9 ./system/src/stm32f1xx/stm32f1xx_hal_msp_template.o
 .debug_line    0x000043ee      0xe41 ./system/src/stm32f1xx/stm32f1xx_hal_rcc.o
 .debug_line    0x0000522f      0xe26 ./system/src/stm32f1xx/stm32f1xx_hal_uart.o
 .debug_line    0x00006055      0x2a2 ./system/src/newlib/_exit.o
 .debug_line    0x000062f7      0x254 ./system/src/newlib/_sbrk.o
 .debug_line    0x0000654b      0x30e ./system/src/newlib/_startup.o
 .debug_line    0x00006859      0x4bb ./system/src/newlib/_syscalls.o
 .debug_line    0x00006d14      0x367 ./system/src/diag/Trace.o
 .debug_line    0x0000707b      0x812 ./system/src/diag/trace_impl.o
 .debug_line    0x0000788d      0x7e5 ./system/src/cortexm/_initialize_hardware.o
 .debug_line    0x00008072      0x954 ./system/src/cortexm/exception_handlers.o
 .debug_line    0x000089c6       0x86 ./system/src/CMSIS/startup_stm32f103xe.o
 .debug_line    0x00008a4c      0x7ed ./system/src/CMSIS/system_stm32f1xx.o
 .debug_line    0x00009239      0x823 ./src/CM32VR60.o
 .debug_line    0x00009a5c      0x86a ./src/bboard_buttons.o
 .debug_line    0x0000a2c6      0x83e ./src/bboard_leds.o
 .debug_line    0x0000ab04      0x8d3 ./src/bboard_system.o
 .debug_line    0x0000b3d7      0x9f6 ./src/main.o
 .debug_line    0x0000bdcd      0x884 ./src/stm32f1xx_it.o

.debug_frame    0x00000000     0x1bdc
 *(.debug_frame)
 .debug_frame   0x00000000      0x164 ./system/src/stm32f1xx/stm32f1xx_hal.o
 .debug_frame   0x00000164      0x11c ./system/src/stm32f1xx/stm32f1xx_hal_cortex.o
 .debug_frame   0x00000280      0x100 ./system/src/stm32f1xx/stm32f1xx_hal_dma.o
 .debug_frame   0x00000380       0xb8 ./system/src/stm32f1xx/stm32f1xx_hal_gpio.o
 .debug_frame   0x00000438      0x608 ./system/src/stm32f1xx/stm32f1xx_hal_i2c.o
 .debug_frame   0x00000a40       0x50 ./system/src/stm32f1xx/stm32f1xx_hal_msp_template.o
 .debug_frame   0x00000a90      0x148 ./system/src/stm32f1xx/stm32f1xx_hal_rcc.o
 .debug_frame   0x00000bd8      0x350 ./system/src/stm32f1xx/stm32f1xx_hal_uart.o
 .debug_frame   0x00000f28       0x38 ./system/src/newlib/_exit.o
 .debug_frame   0x00000f60       0x28 ./system/src/newlib/_sbrk.o
 .debug_frame   0x00000f88       0x7c ./system/src/newlib/_startup.o
 .debug_frame   0x00001004      0x230 ./system/src/newlib/_syscalls.o
 .debug_frame   0x00001234       0x80 ./system/src/diag/Trace.o
 .debug_frame   0x000012b4       0x30 ./system/src/diag/trace_impl.o
 .debug_frame   0x000012e4       0x40 ./system/src/cortexm/_initialize_hardware.o
 .debug_frame   0x00001324      0x144 ./system/src/cortexm/exception_handlers.o
 .debug_frame   0x00001468       0x30 ./system/src/CMSIS/system_stm32f1xx.o
 .debug_frame   0x00001498       0xb0 ./src/CM32VR60.o
 .debug_frame   0x00001548       0x90 ./src/bboard_buttons.o
 .debug_frame   0x000015d8       0xd0 ./src/bboard_leds.o
 .debug_frame   0x000016a8       0x88 ./src/bboard_system.o
 .debug_frame   0x00001730      0x114 ./src/main.o
 .debug_frame   0x00001844       0xa8 ./src/stm32f1xx_it.o
 .debug_frame   0x000018ec       0x20 /home/dangnhat/Programs/gcc-arm-none-eabi-4_8-2014q2/bin/../lib/gcc/arm-none-eabi/4.8.4/../../../../arm-none-eabi/lib/armv7-m/libg_s.a(lib_a-errno.o)
 .debug_frame   0x0000190c       0x2c /home/dangnhat/Programs/gcc-arm-none-eabi-4_8-2014q2/bin/../lib/gcc/arm-none-eabi/4.8.4/../../../../arm-none-eabi/lib/armv7-m/libg_s.a(lib_a-memcmp.o)
 .debug_frame   0x00001938       0x28 /home/dangnhat/Programs/gcc-arm-none-eabi-4_8-2014q2/bin/../lib/gcc/arm-none-eabi/4.8.4/../../../../arm-none-eabi/lib/armv7-m/libg_s.a(lib_a-memcpy-stub.o)
 .debug_frame   0x00001960       0x20 /home/dangnhat/Programs/gcc-arm-none-eabi-4_8-2014q2/bin/../lib/gcc/arm-none-eabi/4.8.4/../../../../arm-none-eabi/lib/armv7-m/libg_s.a(lib_a-strlen.o)
 .debug_frame   0x00001980       0x4c /home/dangnhat/Programs/gcc-arm-none-eabi-4_8-2014q2/bin/../lib/gcc/arm-none-eabi/4.8.4/../../../../arm-none-eabi/lib/armv7-m/libg_s.a(lib_a-vsnprintf.o)
 .debug_frame   0x000019cc       0x88 /home/dangnhat/Programs/gcc-arm-none-eabi-4_8-2014q2/bin/../lib/gcc/arm-none-eabi/4.8.4/../../../../arm-none-eabi/lib/armv7-m/libg_s.a(lib_a-svfprintf.o)
 .debug_frame   0x00001a54       0x60 /home/dangnhat/Programs/gcc-arm-none-eabi-4_8-2014q2/bin/../lib/gcc/arm-none-eabi/4.8.4/../../../../arm-none-eabi/lib/armv7-m/libg_s.a(lib_a-vfprintf_i.o)
 .debug_frame   0x00001ab4       0x28 /home/dangnhat/Programs/gcc-arm-none-eabi-4_8-2014q2/bin/../lib/gcc/arm-none-eabi/4.8.4/../../../../arm-none-eabi/lib/armv7-m/libg_s.a(lib_a-memchr-stub.o)
 .debug_frame   0x00001adc       0x2c /home/dangnhat/Programs/gcc-arm-none-eabi-4_8-2014q2/bin/../lib/gcc/arm-none-eabi/4.8.4/../../../../arm-none-eabi/lib/armv7-m/libg_s.a(lib_a-memmove.o)
 .debug_frame   0x00001b08       0x2c /home/dangnhat/Programs/gcc-arm-none-eabi-4_8-2014q2/bin/../lib/gcc/arm-none-eabi/4.8.4/../../../../arm-none-eabi/lib/armv7-m/libg_s.a(lib_a-nano-freer.o)
 .debug_frame   0x00001b34       0x2c /home/dangnhat/Programs/gcc-arm-none-eabi-4_8-2014q2/bin/../lib/gcc/arm-none-eabi/4.8.4/../../../../arm-none-eabi/lib/armv7-m/libg_s.a(lib_a-nano-mallocr.o)
 .debug_frame   0x00001b60       0x30 /home/dangnhat/Programs/gcc-arm-none-eabi-4_8-2014q2/bin/../lib/gcc/arm-none-eabi/4.8.4/../../../../arm-none-eabi/lib/armv7-m/libg_s.a(lib_a-nano-reallocr.o)
 .debug_frame   0x00001b90       0x2c /home/dangnhat/Programs/gcc-arm-none-eabi-4_8-2014q2/bin/../lib/gcc/arm-none-eabi/4.8.4/../../../../arm-none-eabi/lib/armv7-m/libg_s.a(lib_a-sbrkr.o)
 .debug_frame   0x00001bbc       0x20 /home/dangnhat/Programs/gcc-arm-none-eabi-4_8-2014q2/bin/../lib/gcc/arm-none-eabi/4.8.4/../../../../arm-none-eabi/lib/armv7-m/libg_s.a(lib_a-nano-msizer.o)

.debug_str      0x00000000    0x825e9
 *(.debug_str)
 .debug_str     0x00000000    0x7ca88 ./system/src/stm32f1xx/stm32f1xx_hal.o
                              0x7d009 (size before relaxing)
 .debug_str     0x0007ca88      0x2d5 ./system/src/stm32f1xx/stm32f1xx_hal_cortex.o
                              0x7cffd (size before relaxing)
 .debug_str     0x0007cd5d      0x302 ./system/src/stm32f1xx/stm32f1xx_hal_dma.o
                              0x7cb96 (size before relaxing)
 .debug_str     0x0007d05f      0x449 ./system/src/stm32f1xx/stm32f1xx_hal_gpio.o
                              0x7cd0d (size before relaxing)
 .debug_str     0x0007d4a8      0x811 ./system/src/stm32f1xx/stm32f1xx_hal_i2c.o
                              0x7d2a3 (size before relaxing)
 .debug_str     0x0007dcb9       0x57 ./system/src/stm32f1xx/stm32f1xx_hal_msp_template.o
                              0x7c865 (size before relaxing)
 .debug_str     0x0007dd10      0x312 ./system/src/stm32f1xx/stm32f1xx_hal_rcc.o
                              0x7ccce (size before relaxing)
 .debug_str     0x0007e022      0x4fe ./system/src/stm32f1xx/stm32f1xx_hal_uart.o
                              0x7cffb (size before relaxing)
 .debug_str     0x0007e520      0xeeb ./system/src/newlib/_exit.o
                               0x4e8a (size before relaxing)
 .debug_str     0x0007f40b      0x4de ./system/src/newlib/_sbrk.o
                               0x4440 (size before relaxing)
 .debug_str     0x0007f8e9      0x260 ./system/src/newlib/_startup.o
                               0x3eca (size before relaxing)
 .debug_str     0x0007fb49      0xe48 ./system/src/newlib/_syscalls.o
                               0x530c (size before relaxing)
 .debug_str     0x00080991     0x10c3 ./system/src/diag/Trace.o
                               0x6621 (size before relaxing)
 .debug_str     0x00081a54       0x42 ./system/src/diag/trace_impl.o
                              0x7d62a (size before relaxing)
 .debug_str     0x00081a96       0x5e ./system/src/cortexm/_initialize_hardware.o
                              0x7c913 (size before relaxing)
 .debug_str     0x00081af4      0x1e5 ./system/src/cortexm/exception_handlers.o
                              0x7e78a (size before relaxing)
 .debug_str     0x00081cd9       0x4d ./system/src/CMSIS/system_stm32f1xx.o
                              0x7c949 (size before relaxing)
 .debug_str     0x00081d26      0x237 ./src/CM32VR60.o
                              0x7ce44 (size before relaxing)
 .debug_str     0x00081f5d      0x2c5 ./src/bboard_buttons.o
                              0x7cbc8 (size before relaxing)
 .debug_str     0x00082222      0x1cc ./src/bboard_leds.o
                              0x7cacf (size before relaxing)
 .debug_str     0x000823ee       0xc4 ./src/bboard_system.o
                              0x7de38 (size before relaxing)
 .debug_str     0x000824b2      0x10f ./src/main.o
                              0x7e960 (size before relaxing)
 .debug_str     0x000825c1       0x28 ./src/stm32f1xx_it.o
                              0x7c985 (size before relaxing)

.debug_loc      0x00000000     0x63a3
 *(.debug_loc)
 .debug_loc     0x00000000       0x7d ./system/src/stm32f1xx/stm32f1xx_hal.o
 .debug_loc     0x0000007d      0x501 ./system/src/stm32f1xx/stm32f1xx_hal_cortex.o
 .debug_loc     0x0000057e      0x3d8 ./system/src/stm32f1xx/stm32f1xx_hal_dma.o
 .debug_loc     0x00000956      0x357 ./system/src/stm32f1xx/stm32f1xx_hal_gpio.o
 .debug_loc     0x00000cad     0x2857 ./system/src/stm32f1xx/stm32f1xx_hal_i2c.o
 .debug_loc     0x00003504     0x10da ./system/src/stm32f1xx/stm32f1xx_hal_rcc.o
 .debug_loc     0x000045de      0xf53 ./system/src/stm32f1xx/stm32f1xx_hal_uart.o
 .debug_loc     0x00005531       0x6b ./system/src/newlib/_sbrk.o
 .debug_loc     0x0000559c      0x265 ./system/src/newlib/_startup.o
 .debug_loc     0x00005801      0x549 ./system/src/newlib/_syscalls.o
 .debug_loc     0x00005d4a       0xf7 ./system/src/diag/Trace.o
 .debug_loc     0x00005e41       0x21 ./system/src/diag/trace_impl.o
 .debug_loc     0x00005e62      0x184 ./system/src/cortexm/exception_handlers.o
 .debug_loc     0x00005fe6       0xe4 ./system/src/CMSIS/system_stm32f1xx.o
 .debug_loc     0x000060ca      0x10d ./src/CM32VR60.o
 .debug_loc     0x000061d7       0xcb ./src/bboard_buttons.o
 .debug_loc     0x000062a2       0x55 ./src/bboard_system.o
 .debug_loc     0x000062f7       0xac ./src/main.o

.debug_macinfo
 *(.debug_macinfo)

.debug_weaknames
 *(.debug_weaknames)

.debug_funcnames
 *(.debug_funcnames)

.debug_typenames
 *(.debug_typenames)

.debug_varnames
 *(.debug_varnames)
OUTPUT(CM32VR60.elf elf32-littlearm)

.debug_ranges   0x00000000      0x958
 .debug_ranges  0x00000000       0xa0 ./system/src/stm32f1xx/stm32f1xx_hal.o
 .debug_ranges  0x000000a0       0x80 ./system/src/stm32f1xx/stm32f1xx_hal_cortex.o
 .debug_ranges  0x00000120       0x58 ./system/src/stm32f1xx/stm32f1xx_hal_dma.o
 .debug_ranges  0x00000178       0x48 ./system/src/stm32f1xx/stm32f1xx_hal_gpio.o
 .debug_ranges  0x000001c0      0x1e0 ./system/src/stm32f1xx/stm32f1xx_hal_i2c.o
 .debug_ranges  0x000003a0       0x28 ./system/src/stm32f1xx/stm32f1xx_hal_msp_template.o
 .debug_ranges  0x000003c8       0x78 ./system/src/stm32f1xx/stm32f1xx_hal_rcc.o
 .debug_ranges  0x00000440      0x140 ./system/src/stm32f1xx/stm32f1xx_hal_uart.o
 .debug_ranges  0x00000580       0x18 ./system/src/newlib/_exit.o
 .debug_ranges  0x00000598       0x10 ./system/src/newlib/_sbrk.o
 .debug_ranges  0x000005a8       0x48 ./system/src/newlib/_startup.o
 .debug_ranges  0x000005f0       0xc0 ./system/src/newlib/_syscalls.o
 .debug_ranges  0x000006b0       0x28 ./system/src/diag/Trace.o
 .debug_ranges  0x000006d8       0x18 ./system/src/diag/trace_impl.o
 .debug_ranges  0x000006f0       0x18 ./system/src/cortexm/_initialize_hardware.o
 .debug_ranges  0x00000708       0x78 ./system/src/cortexm/exception_handlers.o
 .debug_ranges  0x00000780       0x20 ./system/src/CMSIS/startup_stm32f103xe.o
 .debug_ranges  0x000007a0       0x18 ./system/src/CMSIS/system_stm32f1xx.o
 .debug_ranges  0x000007b8       0x38 ./src/CM32VR60.o
 .debug_ranges  0x000007f0       0x50 ./src/bboard_buttons.o
 .debug_ranges  0x00000840       0x48 ./src/bboard_leds.o
 .debug_ranges  0x00000888       0x28 ./src/bboard_system.o
 .debug_ranges  0x000008b0       0x58 ./src/main.o
 .debug_ranges  0x00000908       0x50 ./src/stm32f1xx_it.o

.debug_macro    0x00000000    0x164cc
 .debug_macro   0x00000000      0x393 ./system/src/stm32f1xx/stm32f1xx_hal.o
 .debug_macro   0x00000393      0x85c ./system/src/stm32f1xx/stm32f1xx_hal.o
 .debug_macro   0x00000bef       0xfe ./system/src/stm32f1xx/stm32f1xx_hal.o
 .debug_macro   0x00000ced       0x2e ./system/src/stm32f1xx/stm32f1xx_hal.o
 .debug_macro   0x00000d1b       0x22 ./system/src/stm32f1xx/stm32f1xx_hal.o
 .debug_macro   0x00000d3d       0x16 ./system/src/stm32f1xx/stm32f1xx_hal.o
 .debug_macro   0x00000d53       0x44 ./system/src/stm32f1xx/stm32f1xx_hal.o
 .debug_macro   0x00000d97      0x209 ./system/src/stm32f1xx/stm32f1xx_hal.o
 .debug_macro   0x00000fa0       0x35 ./system/src/stm32f1xx/stm32f1xx_hal.o
 .debug_macro   0x00000fd5       0x34 ./system/src/stm32f1xx/stm32f1xx_hal.o
 .debug_macro   0x00001009      0xb8e ./system/src/stm32f1xx/stm32f1xx_hal.o
 .debug_macro   0x00001b97     0x71a1 ./system/src/stm32f1xx/stm32f1xx_hal.o
 .debug_macro   0x00008d38       0x43 ./system/src/stm32f1xx/stm32f1xx_hal.o
 .debug_macro   0x00008d7b     0x30cb ./system/src/stm32f1xx/stm32f1xx_hal.o
 .debug_macro   0x0000be46       0x58 ./system/src/stm32f1xx/stm32f1xx_hal.o
 .debug_macro   0x0000be9e       0x35 ./system/src/stm32f1xx/stm32f1xx_hal.o
 .debug_macro   0x0000bed3       0xa3 ./system/src/stm32f1xx/stm32f1xx_hal.o
 .debug_macro   0x0000bf76       0x16 ./system/src/stm32f1xx/stm32f1xx_hal.o
 .debug_macro   0x0000bf8c       0x97 ./system/src/stm32f1xx/stm32f1xx_hal.o
 .debug_macro   0x0000c023       0x10 ./system/src/stm32f1xx/stm32f1xx_hal.o
 .debug_macro   0x0000c033       0xef ./system/src/stm32f1xx/stm32f1xx_hal.o
 .debug_macro   0x0000c122       0x52 ./system/src/stm32f1xx/stm32f1xx_hal.o
 .debug_macro   0x0000c174       0x16 ./system/src/stm32f1xx/stm32f1xx_hal.o
 .debug_macro   0x0000c18a       0x43 ./system/src/stm32f1xx/stm32f1xx_hal.o
 .debug_macro   0x0000c1cd      0x180 ./system/src/stm32f1xx/stm32f1xx_hal.o
 .debug_macro   0x0000c34d       0x10 ./system/src/stm32f1xx/stm32f1xx_hal.o
 .debug_macro   0x0000c35d       0x22 ./system/src/stm32f1xx/stm32f1xx_hal.o
 .debug_macro   0x0000c37f       0xbd ./system/src/stm32f1xx/stm32f1xx_hal.o
 .debug_macro   0x0000c43c       0x16 ./system/src/stm32f1xx/stm32f1xx_hal.o
 .debug_macro   0x0000c452      0x16c ./system/src/stm32f1xx/stm32f1xx_hal.o
 .debug_macro   0x0000c5be       0x5e ./system/src/stm32f1xx/stm32f1xx_hal.o
 .debug_macro   0x0000c61c      0x77f ./system/src/stm32f1xx/stm32f1xx_hal.o
 .debug_macro   0x0000cd9b      0x4d7 ./system/src/stm32f1xx/stm32f1xx_hal.o
 .debug_macro   0x0000d272      0x141 ./system/src/stm32f1xx/stm32f1xx_hal.o
 .debug_macro   0x0000d3b3      0x1cf ./system/src/stm32f1xx/stm32f1xx_hal.o
 .debug_macro   0x0000d582      0x1a7 ./system/src/stm32f1xx/stm32f1xx_hal.o
 .debug_macro   0x0000d729       0x2a ./system/src/stm32f1xx/stm32f1xx_hal.o
 .debug_macro   0x0000d753       0x3c ./system/src/stm32f1xx/stm32f1xx_hal.o
 .debug_macro   0x0000d78f      0x401 ./system/src/stm32f1xx/stm32f1xx_hal.o
 .debug_macro   0x0000db90       0x10 ./system/src/stm32f1xx/stm32f1xx_hal.o
 .debug_macro   0x0000dba0       0x5e ./system/src/stm32f1xx/stm32f1xx_hal.o
 .debug_macro   0x0000dbfe      0x46a ./system/src/stm32f1xx/stm32f1xx_hal.o
 .debug_macro   0x0000e068      0x25d ./system/src/stm32f1xx/stm32f1xx_hal.o
 .debug_macro   0x0000e2c5       0x22 ./system/src/stm32f1xx/stm32f1xx_hal.o
 .debug_macro   0x0000e2e7       0x99 ./system/src/stm32f1xx/stm32f1xx_hal.o
 .debug_macro   0x0000e380       0xeb ./system/src/stm32f1xx/stm32f1xx_hal.o
 .debug_macro   0x0000e46b       0x8c ./system/src/stm32f1xx/stm32f1xx_hal.o
 .debug_macro   0x0000e4f7      0x250 ./system/src/stm32f1xx/stm32f1xx_hal.o
 .debug_macro   0x0000e747      0x329 ./system/src/stm32f1xx/stm32f1xx_hal.o
 .debug_macro   0x0000ea70       0x77 ./system/src/stm32f1xx/stm32f1xx_hal.o
 .debug_macro   0x0000eae7      0x225 ./system/src/stm32f1xx/stm32f1xx_hal.o
 .debug_macro   0x0000ed0c      0x199 ./system/src/stm32f1xx/stm32f1xx_hal.o
 .debug_macro   0x0000eea5       0x99 ./system/src/stm32f1xx/stm32f1xx_hal.o
 .debug_macro   0x0000ef3e      0x143 ./system/src/stm32f1xx/stm32f1xx_hal.o
 .debug_macro   0x0000f081      0x1ef ./system/src/stm32f1xx/stm32f1xx_hal.o
 .debug_macro   0x0000f270      0x1d2 ./system/src/stm32f1xx/stm32f1xx_hal.o
 .debug_macro   0x0000f442      0x125 ./system/src/stm32f1xx/stm32f1xx_hal.o
 .debug_macro   0x0000f567      0x3e5 ./system/src/stm32f1xx/stm32f1xx_hal.o
 .debug_macro   0x0000f94c      0x22b ./system/src/stm32f1xx/stm32f1xx_hal.o
 .debug_macro   0x0000fb77       0xb9 ./system/src/stm32f1xx/stm32f1xx_hal.o
 .debug_macro   0x0000fc30      0x1f4 ./system/src/stm32f1xx/stm32f1xx_hal.o
 .debug_macro   0x0000fe24      0x83e ./system/src/stm32f1xx/stm32f1xx_hal.o
 .debug_macro   0x00010662       0x11 ./system/src/stm32f1xx/stm32f1xx_hal.o
 .debug_macro   0x00010673      0x256 ./system/src/stm32f1xx/stm32f1xx_hal.o
 .debug_macro   0x000108c9      0x225 ./system/src/stm32f1xx/stm32f1xx_hal.o
 .debug_macro   0x00010aee      0x1a7 ./system/src/stm32f1xx/stm32f1xx_hal.o
 .debug_macro   0x00010c95      0x2d4 ./system/src/stm32f1xx/stm32f1xx_hal.o
 .debug_macro   0x00010f69       0x8e ./system/src/stm32f1xx/stm32f1xx_hal.o
 .debug_macro   0x00010ff7       0x50 ./system/src/stm32f1xx/stm32f1xx_hal.o
 .debug_macro   0x00011047      0x26c ./system/src/stm32f1xx/stm32f1xx_hal.o
 .debug_macro   0x000112b3       0xae ./system/src/stm32f1xx/stm32f1xx_hal.o
 .debug_macro   0x00011361      0x36f ./system/src/stm32f1xx/stm32f1xx_hal_cortex.o
 .debug_macro   0x000116d0      0x375 ./system/src/stm32f1xx/stm32f1xx_hal_dma.o
 .debug_macro   0x00011a45      0x3df ./system/src/stm32f1xx/stm32f1xx_hal_gpio.o
 .debug_macro   0x00011e24      0x385 ./system/src/stm32f1xx/stm32f1xx_hal_i2c.o
 .debug_macro   0x000121a9      0x36f ./system/src/stm32f1xx/stm32f1xx_hal_msp_template.o
 .debug_macro   0x00012518      0x381 ./system/src/stm32f1xx/stm32f1xx_hal_rcc.o
 .debug_macro   0x00012899      0x370 ./system/src/stm32f1xx/stm32f1xx_hal_uart.o
 .debug_macro   0x00012c09      0x11b ./system/src/newlib/_exit.o
 .debug_macro   0x00012d24      0x10e ./system/src/newlib/_exit.o
 .debug_macro   0x00012e32       0x7f ./system/src/newlib/_exit.o
 .debug_macro   0x00012eb1       0x10 ./system/src/newlib/_exit.o
 .debug_macro   0x00012ec1       0x35 ./system/src/newlib/_exit.o
 .debug_macro   0x00012ef6       0xd1 ./system/src/newlib/_sbrk.o
 .debug_macro   0x00012fc7       0x19 ./system/src/newlib/_sbrk.o
 .debug_macro   0x00012fe0      0x166 ./system/src/newlib/_sbrk.o
 .debug_macro   0x00013146       0x10 ./system/src/newlib/_sbrk.o
 .debug_macro   0x00013156      0x23b ./system/src/newlib/_sbrk.o
 .debug_macro   0x00013391       0xe7 ./system/src/newlib/_startup.o
 .debug_macro   0x00013478      0x169 ./system/src/newlib/_syscalls.o
 .debug_macro   0x000135e1       0x1c ./system/src/newlib/_syscalls.o
 .debug_macro   0x000135fd       0x10 ./system/src/newlib/_syscalls.o
 .debug_macro   0x0001360d       0x10 ./system/src/newlib/_syscalls.o
 .debug_macro   0x0001361d       0x10 ./system/src/newlib/_syscalls.o
 .debug_macro   0x0001362d       0x35 ./system/src/newlib/_syscalls.o
 .debug_macro   0x00013662      0x120 ./system/src/newlib/_syscalls.o
 .debug_macro   0x00013782       0x22 ./system/src/newlib/_syscalls.o
 .debug_macro   0x000137a4       0x2b ./system/src/newlib/_syscalls.o
 .debug_macro   0x000137cf      0x118 ./system/src/newlib/_syscalls.o
 .debug_macro   0x000138e7      0x13a ./system/src/newlib/_syscalls.o
 .debug_macro   0x00013a21       0x16 ./system/src/newlib/_syscalls.o
 .debug_macro   0x00013a37      0x15a ./system/src/diag/Trace.o
 .debug_macro   0x00013b91       0x52 ./system/src/diag/Trace.o
 .debug_macro   0x00013be3      0x2a6 ./system/src/diag/Trace.o
 .debug_macro   0x00013e89       0x10 ./system/src/diag/Trace.o
 .debug_macro   0x00013e99       0x1f ./system/src/diag/Trace.o
 .debug_macro   0x00013eb8      0x3a4 ./system/src/diag/trace_impl.o
 .debug_macro   0x0001425c      0x379 ./system/src/cortexm/_initialize_hardware.o
 .debug_macro   0x000145d5      0x3ec ./system/src/cortexm/exception_handlers.o
 .debug_macro   0x000149c1       0x3b ./system/src/cortexm/exception_handlers.o
 .debug_macro   0x000149fc       0x22 ./system/src/cortexm/exception_handlers.o
 .debug_macro   0x00014a1e      0x375 ./system/src/CMSIS/system_stm32f1xx.o
 .debug_macro   0x00014d93      0x37c ./src/CM32VR60.o
 .debug_macro   0x0001510f       0x10 ./src/CM32VR60.o
 .debug_macro   0x0001511f      0x3a0 ./src/bboard_buttons.o
 .debug_macro   0x000154bf       0x22 ./src/bboard_buttons.o
 .debug_macro   0x000154e1      0x38b ./src/bboard_leds.o
 .debug_macro   0x0001586c      0x3bf ./src/bboard_system.o
 .debug_macro   0x00015c2b       0x58 ./src/bboard_system.o
 .debug_macro   0x00015c83       0x1c ./src/bboard_system.o
 .debug_macro   0x00015c9f       0x57 ./src/bboard_system.o
 .debug_macro   0x00015cf6      0x420 ./src/main.o
 .debug_macro   0x00016116       0x10 ./src/main.o
 .debug_macro   0x00016126      0x3a6 ./src/stm32f1xx_it.o
