Archive member included because of file (symbol)

/home/dangnhat/Programs/gcc-arm-none-eabi-4_8-2014q2/bin/../lib/gcc/arm-none-eabi/4.8.4/armv7-m/libgcc.a(unwind-arm.o)
                              ./system/src/newlib/_cxx.o (__aeabi_unwind_cpp_pr1)
/home/dangnhat/Programs/gcc-arm-none-eabi-4_8-2014q2/bin/../lib/gcc/arm-none-eabi/4.8.4/armv7-m/libgcc.a(libunwind.o)
                              /home/dangnhat/Programs/gcc-arm-none-eabi-4_8-2014q2/bin/../lib/gcc/arm-none-eabi/4.8.4/armv7-m/libgcc.a(unwind-arm.o) (restore_core_regs)
/home/dangnhat/Programs/gcc-arm-none-eabi-4_8-2014q2/bin/../lib/gcc/arm-none-eabi/4.8.4/armv7-m/libgcc.a(pr-support.o)
                              /home/dangnhat/Programs/gcc-arm-none-eabi-4_8-2014q2/bin/../lib/gcc/arm-none-eabi/4.8.4/armv7-m/libgcc.a(unwind-arm.o) (__gnu_unwind_execute)
/home/dangnhat/Programs/gcc-arm-none-eabi-4_8-2014q2/bin/../lib/gcc/arm-none-eabi/4.8.4/../../../../arm-none-eabi/lib/armv7-m/libg_s.a(lib_a-errno.o)
                              ./system/src/newlib/_sbrk.o (__errno)
/home/dangnhat/Programs/gcc-arm-none-eabi-4_8-2014q2/bin/../lib/gcc/arm-none-eabi/4.8.4/../../../../arm-none-eabi/lib/armv7-m/libg_s.a(lib_a-impure.o)
                              /home/dangnhat/Programs/gcc-arm-none-eabi-4_8-2014q2/bin/../lib/gcc/arm-none-eabi/4.8.4/../../../../arm-none-eabi/lib/armv7-m/libg_s.a(lib_a-errno.o) (_impure_ptr)
/home/dangnhat/Programs/gcc-arm-none-eabi-4_8-2014q2/bin/../lib/gcc/arm-none-eabi/4.8.4/../../../../arm-none-eabi/lib/armv7-m/libg_s.a(lib_a-init.o)
                              ./system/src/CMSIS/startup_stm32f103xe.o (__libc_init_array)
/home/dangnhat/Programs/gcc-arm-none-eabi-4_8-2014q2/bin/../lib/gcc/arm-none-eabi/4.8.4/../../../../arm-none-eabi/lib/armv7-m/libg_s.a(lib_a-memcmp.o)
                              ./src/main.o (memcmp)
/home/dangnhat/Programs/gcc-arm-none-eabi-4_8-2014q2/bin/../lib/gcc/arm-none-eabi/4.8.4/../../../../arm-none-eabi/lib/armv7-m/libg_s.a(lib_a-memcpy-stub.o)
                              ./src/CM32VR60.o (memcpy)
/home/dangnhat/Programs/gcc-arm-none-eabi-4_8-2014q2/bin/../lib/gcc/arm-none-eabi/4.8.4/../../../../arm-none-eabi/lib/armv7-m/libg_s.a(lib_a-memmove.o)
                              ./src/CM32VR60.o (memmove)
/home/dangnhat/Programs/gcc-arm-none-eabi-4_8-2014q2/bin/../lib/gcc/arm-none-eabi/4.8.4/../../../../arm-none-eabi/lib/armv7-m/libg_s.a(lib_a-memset.o)
                              ./system/src/stm32f1xx/stm32f1xx_hal_sd.o (memset)
/home/dangnhat/Programs/gcc-arm-none-eabi-4_8-2014q2/bin/../lib/gcc/arm-none-eabi/4.8.4/../../../../arm-none-eabi/lib/armv7-m/libg_s.a(lib_a-strlen.o)
                              ./system/src/diag/Trace.o (strlen)
/home/dangnhat/Programs/gcc-arm-none-eabi-4_8-2014q2/bin/../lib/gcc/arm-none-eabi/4.8.4/../../../../arm-none-eabi/lib/armv7-m/libg_s.a(lib_a-vsnprintf.o)
                              ./system/src/diag/Trace.o (vsnprintf)
/home/dangnhat/Programs/gcc-arm-none-eabi-4_8-2014q2/bin/../lib/gcc/arm-none-eabi/4.8.4/../../../../arm-none-eabi/lib/armv7-m/libg_s.a(lib_a-svfprintf.o)
                              /home/dangnhat/Programs/gcc-arm-none-eabi-4_8-2014q2/bin/../lib/gcc/arm-none-eabi/4.8.4/../../../../arm-none-eabi/lib/armv7-m/libg_s.a(lib_a-vsnprintf.o) (_svfprintf_r)
/home/dangnhat/Programs/gcc-arm-none-eabi-4_8-2014q2/bin/../lib/gcc/arm-none-eabi/4.8.4/../../../../arm-none-eabi/lib/armv7-m/libg_s.a(lib_a-vfprintf_i.o)
                              /home/dangnhat/Programs/gcc-arm-none-eabi-4_8-2014q2/bin/../lib/gcc/arm-none-eabi/4.8.4/../../../../arm-none-eabi/lib/armv7-m/libg_s.a(lib_a-svfprintf.o) (_printf_i)
/home/dangnhat/Programs/gcc-arm-none-eabi-4_8-2014q2/bin/../lib/gcc/arm-none-eabi/4.8.4/../../../../arm-none-eabi/lib/armv7-m/libg_s.a(lib_a-memchr-stub.o)
                              /home/dangnhat/Programs/gcc-arm-none-eabi-4_8-2014q2/bin/../lib/gcc/arm-none-eabi/4.8.4/../../../../arm-none-eabi/lib/armv7-m/libg_s.a(lib_a-svfprintf.o) (memchr)
/home/dangnhat/Programs/gcc-arm-none-eabi-4_8-2014q2/bin/../lib/gcc/arm-none-eabi/4.8.4/../../../../arm-none-eabi/lib/armv7-m/libg_s.a(lib_a-nano-freer.o)
                              /home/dangnhat/Programs/gcc-arm-none-eabi-4_8-2014q2/bin/../lib/gcc/arm-none-eabi/4.8.4/../../../../arm-none-eabi/lib/armv7-m/libg_s.a(lib_a-svfprintf.o) (_free_r)
/home/dangnhat/Programs/gcc-arm-none-eabi-4_8-2014q2/bin/../lib/gcc/arm-none-eabi/4.8.4/../../../../arm-none-eabi/lib/armv7-m/libg_s.a(lib_a-nano-mallocr.o)
                              /home/dangnhat/Programs/gcc-arm-none-eabi-4_8-2014q2/bin/../lib/gcc/arm-none-eabi/4.8.4/../../../../arm-none-eabi/lib/armv7-m/libg_s.a(lib_a-svfprintf.o) (_malloc_r)
/home/dangnhat/Programs/gcc-arm-none-eabi-4_8-2014q2/bin/../lib/gcc/arm-none-eabi/4.8.4/../../../../arm-none-eabi/lib/armv7-m/libg_s.a(lib_a-nano-reallocr.o)
[...]
Memory Configuration

Name             Origin             Length             Attributes
FLASH            0x08000000         0x00060000         xr
RAM              0x20000000         0x00010000         xrw
CCMRAM           0x10000000         0x00000000         xrw
FLASHB1          0x00000000         0x00000000         xr
EXTMEMB0         0x00000000         0x00000000         xr
EXTMEMB1         0x00000000         0x00000000         xr
EXTMEMB2         0x00000000         0x00000000         xr
EXTMEMB3         0x00000000         0x00000000         xr
*default*        0x00000000         0xffffffff

Linker script and memory map

LOAD ./system/src/stm32f1xx/stm32f1xx_hal.o
LOAD ./system/src/stm32f1xx/stm32f1xx_hal_adc.o
LOAD ./system/src/stm32f1xx/stm32f1xx_hal_adc_ex.o
LOAD ./system/src/stm32f1xx/stm32f1xx_hal_can.o
LOAD ./system/src/stm32f1xx/stm32f1xx_hal_cec.o
LOAD ./system/src/stm32f1xx/stm32f1xx_hal_cortex.o
LOAD ./system/src/stm32f1xx/stm32f1xx_hal_crc.o
LOAD ./system/src/stm32f1xx/stm32f1xx_hal_dac.o
LOAD ./system/src/stm32f1xx/stm32f1xx_hal_dac_ex.o
LOAD ./system/src/stm32f1xx/stm32f1xx_hal_dma.o
LOAD ./system/src/stm32f1xx/stm32f1xx_hal_eth.o
LOAD ./system/src/stm32f1xx/stm32f1xx_hal_flash.o
LOAD ./system/src/stm32f1xx/stm32f1xx_hal_flash_ex.o
LOAD ./system/src/stm32f1xx/stm32f1xx_hal_gpio.o
LOAD ./system/src/stm32f1xx/stm32f1xx_hal_gpio_ex.o
LOAD ./system/src/stm32f1xx/stm32f1xx_hal_hcd.o
LOAD ./system/src/stm32f1xx/stm32f1xx_hal_i2c.o
LOAD ./system/src/stm32f1xx/stm32f1xx_hal_i2s.o
LOAD ./system/src/stm32f1xx/stm32f1xx_hal_irda.o
LOAD ./system/src/stm32f1xx/stm32f1xx_hal_iwdg.o
LOAD ./system/src/stm32f1xx/stm32f1xx_hal_msp_template.o
LOAD ./system/src/stm32f1xx/stm32f1xx_hal_nand.o
LOAD ./system/src/stm32f1xx/stm32f1xx_hal_nor.o
LOAD ./system/src/stm32f1xx/stm32f1xx_hal_pccard.o
LOAD ./system/src/stm32f1xx/stm32f1xx_hal_pcd.o
LOAD ./system/src/stm32f1xx/stm32f1xx_hal_pcd_ex.o
LOAD ./system/src/stm32f1xx/stm32f1xx_hal_pwr.o
LOAD ./system/src/stm32f1xx/stm32f1xx_hal_rcc.o
LOAD ./system/src/stm32f1xx/stm32f1xx_hal_rcc_ex.o
LOAD ./system/src/stm32f1xx/stm32f1xx_hal_rtc.o
LOAD ./system/src/stm32f1xx/stm32f1xx_hal_rtc_ex.o
LOAD ./system/src/stm32f1xx/stm32f1xx_hal_sd.o
LOAD ./system/src/stm32f1xx/stm32f1xx_hal_smartcard.o
LOAD ./system/src/stm32f1xx/stm32f1xx_hal_spi.o
LOAD ./system/src/stm32f1xx/stm32f1xx_hal_spi_ex.o
LOAD ./system/src/stm32f1xx/stm32f1xx_hal_sram.o
LOAD ./system/src/stm32f1xx/stm32f1xx_hal_tim.o
LOAD ./system/src/stm32f1xx/stm32f1xx_hal_tim_ex.o
LOAD ./system/src/stm32f1xx/stm32f1xx_hal_uart.o
LOAD ./system/src/stm32f1xx/stm32f1xx_hal_usart.o
LOAD ./system/src/stm32f1xx/stm32f1xx_hal_wwdg.o
LOAD ./system/src/stm32f1xx/stm32f1xx_ll_fsmc.o
LOAD ./system/src/stm32f1xx/stm32f1xx_ll_sdmmc.o
LOAD ./system/src/stm32f1xx/stm32f1xx_ll_usb.o
LOAD ./system/src/newlib/_cxx.o
LOAD ./system/src/newlib/_exit.o
LOAD ./system/src/newlib/_sbrk.o
LOAD ./system/src/newlib/_startup.o
LOAD ./system/src/newlib/_syscalls.o
LOAD ./system/src/newlib/assert.o
LOAD ./system/src/diag/Trace.o
LOAD ./system/src/diag/trace_impl.o
LOAD ./system/src/cortexm/_initialize_hardware.o
LOAD ./system/src/cortexm/_reset_hardware.o
LOAD ./system/src/cortexm/exception_handlers.o
LOAD ./system/src/CMSIS/startup_stm32f103xe.o
LOAD ./system/src/CMSIS/system_stm32f1xx.o
LOAD ./src/CM32VR60.o
LOAD ./src/_write.o
LOAD ./src/bboard_buttons.o
LOAD ./src/bboard_leds.o
LOAD ./src/bboard_system.o
LOAD ./src/crc.o
LOAD ./src/main.o
LOAD ./src/ring_buffer.o
LOAD ./src/spi_eeprom.o
LOAD ./src/stm32f1xx_it.o
LOAD /home/dangnhat/Programs/gcc-arm-none-eabi-4_8-2014q2/bin/../lib/gcc/arm-none-eabi/4.8.4/../../../../arm-none-eabi/lib/armv7-m/libstdc++_s.a
LOAD /home/dangnhat/Programs/gcc-arm-none-eabi-4_8-2014q2/bin/../lib/gcc/arm-none-eabi/4.8.4/../../../../arm-none-eabi/lib/armv7-m/libm.a
START GROUP
LOAD /home/dangnhat/Programs/gcc-arm-none-eabi-4_8-2014q2/bin/../lib/gcc/arm-none-eabi/4.8.4/armv7-m/libgcc.a
LOAD /home/dangnhat/Programs/gcc-arm-none-eabi-4_8-2014q2/bin/../lib/gcc/arm-none-eabi/4.8.4/../../../../arm-none-eabi/lib/armv7-m/libg_s.a
LOAD /home/dangnhat/Programs/gcc-arm-none-eabi-4_8-2014q2/bin/../lib/gcc/arm-none-eabi/4.8.4/../../../../arm-none-eabi/lib/armv7-m/libc_s.a
END GROUP
START GROUP
LOAD /home/dangnhat/Programs/gcc-arm-none-eabi-4_8-2014q2/bin/../lib/gcc/arm-none-eabi/4.8.4/armv7-m/libgcc.a
LOAD /home/dangnhat/Programs/gcc-arm-none-eabi-4_8-2014q2/bin/../lib/gcc/arm-none-eabi/4.8.4/../../../../arm-none-eabi/lib/armv7-m/libc_s.a
END GROUP
                0x20010000                __stack = (ORIGIN (RAM) + 0x10000)
                0x20010000                _estack = __stack
                0x00000400                __Main_Stack_Size = 0x400
                0x00000400                PROVIDE (_Main_Stack_Size, __Main_Stack_Size)
                0x2000fc00                __Main_Stack_Limit = (__stack - __Main_Stack_Size)
                0x2000fc00                PROVIDE (_Main_Stack_Limit, __Main_Stack_Limit)
                0x00000100                _Minimum_Stack_Size = 0x100
                0x2000a3a4                PROVIDE (_Heap_Begin, _end_noinit)
                0x2000fc00                PROVIDE (_Heap_Limit, (__stack - __Main_Stack_Size))

.isr_vector     0x08000000      0x3fc
 FILL mask 0xff
                0x08000000                __vectors_start = ABSOLUTE (.)
                0x08000000                __vectors_start__ = ABSOLUTE (.)
 *(.isr_vector)
 .isr_vector    0x08000000      0x1e4 ./system/src/CMSIS/startup_stm32f103xe.o
                0x08000000                g_pfnVectors
 *(.cfmconfig)
 *(.after_vectors .after_vectors.*)
 .after_vectors
                0x080001e4      0x114 ./system/src/newlib/_startup.o
                0x080001e4                _start
 .after_vectors
                0x080002f8      0x104 ./system/src/cortexm/exception_handlers.o
                0x080002f8                Reset_Handler
                0x08000318                HardFault_Handler_C
                0x08000364                BusFault_Handler_C
                0x080003ac                UsageFault_Handler_C

.inits          0x080003fc       0x28
                0x080003fc                __data_regions_array_start = .
                0x080003fc        0x4 LONG 0x800a1b4 LOADADDR (.data)
                0x08000400        0x4 LONG 0x20000000 ADDR (.data)
                0x08000404        0x4 LONG 0x200004a8 (ADDR (.data) + SIZEOF (.data))
                0x08000408        0x4 LONG 0x800a1b4 LOADADDR (.data_CCMRAM)
                0x0800040c        0x4 LONG 0x10000000 ADDR (.data_CCMRAM)
                0x08000410        0x4 LONG 0x10000000 (ADDR (.data_CCMRAM) + SIZEOF (.data_CCMRAM))
                0x08000414                __data_regions_array_end = .
                0x08000414                __bss_regions_array_start = .
                0x08000414        0x4 LONG 0x200004a8 ADDR (.bss)
                0x08000418        0x4 LONG 0x2000a3a4 (ADDR (.bss) + SIZEOF (.bss))
                0x0800041c        0x4 LONG 0x10000000 ADDR (.bss_CCMRAM)
                0x08000420        0x4 LONG 0x10000000 (ADDR (.bss_CCMRAM) + SIZEOF (.bss_CCMRAM))
                0x08000424                __bss_regions_array_end = .
 *(.init)
 *(.fini)
                0x08000424                . = ALIGN (0x4)
                0x08000424                PROVIDE (__preinit_array_start, .)
 *(.preinit_array_sysinit .preinit_array_sysinit.*)
 *(.preinit_array_platform .preinit_array_platform.*)
 *(.preinit_array .preinit_array.*)
                0x08000424                PROVIDE (__preinit_array_end, .)
                0x08000424                . = ALIGN (0x4)
                0x08000424                PROVIDE (__init_array_start, .)
 *(SORT(.init_array.*))
 *(.init_array)
                0x08000424                PROVIDE (__init_array_end, .)
                0x08000424                . = ALIGN (0x4)
                0x08000424                PROVIDE (__fini_array_start, .)
 *(SORT(.fini_array.*))
 *(.fini_array)
                0x08000424                PROVIDE (__fini_array_end, .)

.flashtext
 *(.flashtext .flashtext.*)

.text           0x08000424     0x9d8d
 *(.text .text.*)
 .text.HAL_InitTick
                0x08000424       0x28 ./system/src/stm32f1xx/stm32f1xx_hal.o
                0x08000424                HAL_InitTick
 .text.HAL_Init
                0x0800044c       0x24 ./system/src/stm32f1xx/stm32f1xx_hal.o
                0x0800044c                HAL_Init
 .text.HAL_IncTick
                0x08000470       0x10 ./system/src/stm32f1xx/stm32f1xx_hal.o
                0x08000470                HAL_IncTick
 .text.HAL_GetTick
                0x08000480        0xc ./system/src/stm32f1xx/stm32f1xx_hal.o
                0x08000480                HAL_GetTick
 .text.HAL_Delay
                0x0800048c       0x1c ./system/src/stm32f1xx/stm32f1xx_hal.o
                0x0800048c                HAL_Delay
 .text.HAL_NVIC_SetPriorityGrouping
                0x080004a8       0x24 ./system/src/stm32f1xx/stm32f1xx_hal_cortex.o
                0x080004a8                HAL_NVIC_SetPriorityGrouping
 .text.HAL_NVIC_SetPriority
                0x080004cc       0x64 ./system/src/stm32f1xx/stm32f1xx_hal_cortex.o
                0x080004cc                HAL_NVIC_SetPriority
 .text.HAL_NVIC_EnableIRQ
                0x08000530       0x18 ./system/src/stm32f1xx/stm32f1xx_hal_cortex.o
                0x08000530                HAL_NVIC_EnableIRQ
 .text.HAL_SYSTICK_Config
                0x08000548       0x2c ./system/src/stm32f1xx/stm32f1xx_hal_cortex.o
                0x08000548                HAL_SYSTICK_Config
 .text.DMA_SetConfig
                0x08000574       0x24 ./system/src/stm32f1xx/stm32f1xx_hal_dma.o
 .text.HAL_DMA_Init
                0x08000598       0x54 ./system/src/stm32f1xx/stm32f1xx_hal_dma.o
                0x08000598                HAL_DMA_Init
 .text.HAL_DMA_Start_IT
                0x080005ec       0x58 ./system/src/stm32f1xx/stm32f1xx_hal_dma.o
                0x080005ec                HAL_DMA_Start_IT
 .text.HAL_DMA_IRQHandler
                0x08000644      0x794 ./system/src/stm32f1xx/stm32f1xx_hal_dma.o
                0x08000644                HAL_DMA_IRQHandler
 .text.HAL_GPIO_Init
                0x08000dd8      0x200 ./system/src/stm32f1xx/stm32f1xx_hal_gpio.o
                0x08000dd8                HAL_GPIO_Init
 .text.HAL_GPIO_ReadPin
                0x08000fd8       0x10 ./system/src/stm32f1xx/stm32f1xx_hal_gpio.o
                0x08000fd8                HAL_GPIO_ReadPin
 .text.HAL_GPIO_WritePin
                0x08000fe8        0xc ./system/src/stm32f1xx/stm32f1xx_hal_gpio.o
                0x08000fe8                HAL_GPIO_WritePin
 .text.HAL_GPIO_EXTI_IRQHandler
                0x08000ff4       0x18 ./system/src/stm32f1xx/stm32f1xx_hal_gpio.o
                0x08000ff4                HAL_GPIO_EXTI_IRQHandler
 .text.I2C_Configure_Speed
                0x0800100c       0x4c ./system/src/stm32f1xx/stm32f1xx_hal_i2c.o
 .text.I2C_IsAcknowledgeFailed
                0x08001058       0x2c ./system/src/stm32f1xx/stm32f1xx_hal_i2c.o
 .text.I2C_WaitOnFlagUntilTimeout
                0x08001084       0xd0 ./system/src/stm32f1xx/stm32f1xx_hal_i2c.o
 .text.I2C_WaitOnMasterAddressFlagUntilTimeout
                0x08001154       0x94 ./system/src/stm32f1xx/stm32f1xx_hal_i2c.o
 .text.I2C_MasterRequestWrite
                0x080011e8       0x8c ./system/src/stm32f1xx/stm32f1xx_hal_i2c.o
 .text.I2C_MasterRequestRead
                0x08001274       0xe8 ./system/src/stm32f1xx/stm32f1xx_hal_i2c.o
 .text.I2C_WaitOnTXEFlagUntilTimeout
                0x0800135c       0x54 ./system/src/stm32f1xx/stm32f1xx_hal_i2c.o
 .text.I2C_WaitOnBTFFlagUntilTimeout
                0x080013b0       0x54 ./system/src/stm32f1xx/stm32f1xx_hal_i2c.o
 .text.I2C_WaitOnRXNEFlagUntilTimeout
                0x08001404       0x64 ./system/src/stm32f1xx/stm32f1xx_hal_i2c.o
 .text.HAL_I2C_MspInit
                0x08001468        0x4 ./system/src/stm32f1xx/stm32f1xx_hal_i2c.o
                0x08001468                HAL_I2C_MspInit
 .text.HAL_I2C_Init
                0x0800146c       0xb4 ./system/src/stm32f1xx/stm32f1xx_hal_i2c.o
                0x0800146c                HAL_I2C_Init
 .text.HAL_I2C_Master_Transmit
                0x08001520      0x130 ./system/src/stm32f1xx/stm32f1xx_hal_i2c.o
                0x08001520                HAL_I2C_Master_Transmit
 .text.HAL_I2C_Master_Receive
                0x08001650      0x23c ./system/src/stm32f1xx/stm32f1xx_hal_i2c.o
                0x08001650                HAL_I2C_Master_Receive
 .text.HAL_MspInit
                0x0800188c        0x4 ./system/src/stm32f1xx/stm32f1xx_hal_msp_template.o
                0x0800188c                HAL_MspInit
 .text.HAL_RCC_DeInit
                0x08001890       0x4c ./system/src/stm32f1xx/stm32f1xx_hal_rcc.o
                0x08001890                HAL_RCC_DeInit
 .text.HAL_RCC_OscConfig
                0x080018dc      0x6c4 ./system/src/stm32f1xx/stm32f1xx_hal_rcc.o
                0x080018dc                HAL_RCC_OscConfig
 .text.HAL_RCC_ClockConfig
                0x08001fa0      0x2dc ./system/src/stm32f1xx/stm32f1xx_hal_rcc.o
                0x08001fa0                HAL_RCC_ClockConfig
 .text.HAL_RCC_GetSysClockFreq
                0x0800227c       0x94 ./system/src/stm32f1xx/stm32f1xx_hal_rcc.o
                0x0800227c                HAL_RCC_GetSysClockFreq
 .text.HAL_RCC_GetHCLKFreq
                0x08002310       0x34 ./system/src/stm32f1xx/stm32f1xx_hal_rcc.o
                0x08002310                HAL_RCC_GetHCLKFreq
 .text.HAL_RCC_GetPCLK1Freq
                0x08002344       0x30 ./system/src/stm32f1xx/stm32f1xx_hal_rcc.o
                0x08002344                HAL_RCC_GetPCLK1Freq
 .text.HAL_RCC_GetPCLK2Freq
                0x08002374       0x30 ./system/src/stm32f1xx/stm32f1xx_hal_rcc.o
                0x08002374                HAL_RCC_GetPCLK2Freq
 .text.UART_SetConfig
                0x080023a4      0x124 ./system/src/stm32f1xx/stm32f1xx_hal_uart.o
 .text.UART_WaitOnFlagUntilTimeout
                0x080024c8       0xd4 ./system/src/stm32f1xx/stm32f1xx_hal_uart.o
 .text.HAL_UART_MspInit
                0x0800259c        0x4 ./system/src/stm32f1xx/stm32f1xx_hal_uart.o
                0x0800259c                HAL_UART_MspInit
 .text.HAL_UART_Init
                0x080025a0       0x60 ./system/src/stm32f1xx/stm32f1xx_hal_uart.o
                0x080025a0                HAL_UART_Init
 .text.HAL_UART_Transmit
                0x08002600       0xe8 ./system/src/stm32f1xx/stm32f1xx_hal_uart.o
                0x08002600                HAL_UART_Transmit
 .text.HAL_UART_Receive_DMA
                0x080026e8       0x98 ./system/src/stm32f1xx/stm32f1xx_hal_uart.o
                0x080026e8                HAL_UART_Receive_DMA
 .text.UART_DMAReceiveCplt
                0x08002780       0x3c ./system/src/stm32f1xx/stm32f1xx_hal_uart.o
 .text.HAL_UART_RxHalfCpltCallback
                0x080027bc        0x4 ./system/src/stm32f1xx/stm32f1xx_hal_uart.o
                0x080027bc                HAL_UART_RxHalfCpltCallback
 .text.UART_DMARxHalfCplt
                0x080027c0        0xc ./system/src/stm32f1xx/stm32f1xx_hal_uart.o
 .text.HAL_UART_ErrorCallback
                0x080027cc        0x4 ./system/src/stm32f1xx/stm32f1xx_hal_uart.o
                0x080027cc                HAL_UART_ErrorCallback
 .text.UART_DMAError
                0x080027d0       0x20 ./system/src/stm32f1xx/stm32f1xx_hal_uart.o
 .text._exit    0x080027f0        0x4 ./system/src/newlib/_exit.o
                0x080027f0                _exit
 .text._sbrk    0x080027f4       0x44 ./system/src/newlib/_sbrk.o
                0x080027f4                _sbrk
 .text.__initialize_args
                0x08002838       0x10 ./system/src/newlib/_syscalls.o
                0x08002838                __initialize_args
 .text.trace_printf
                0x08002848       0x34 ./system/src/diag/Trace.o
                0x08002848                trace_printf
 .text.trace_write
                0x0800287c        0x8 ./system/src/diag/trace_impl.o
                0x0800287c                trace_write
 .text.__initialize_hardware_early
                0x08002884       0x18 ./system/src/cortexm/_initialize_hardware.o
                0x08002884                __initialize_hardware_early
 .text.__initialize_hardware
                0x0800289c        0x8 ./system/src/cortexm/_initialize_hardware.o
                0x0800289c                __initialize_hardware
 .text.dumpExceptionStack
                0x080028a4       0xf0 ./system/src/cortexm/exception_handlers.o
                0x080028a4                dumpExceptionStack
 .text.Default_Handler
                0x08002994        0x4 ./system/src/CMSIS/startup_stm32f103xe.o
                0x08002994                RTC_Alarm_IRQHandler
                0x08002994                EXTI2_IRQHandler
                0x08002994                TIM8_TRG_COM_IRQHandler
                0x08002994                TIM8_CC_IRQHandler
                0x08002994                TIM1_CC_IRQHandler
                0x08002994                TIM6_IRQHandler
                0x08002994                PVD_IRQHandler
                0x08002994                SDIO_IRQHandler
                0x08002994                EXTI3_IRQHandler
                0x08002994                EXTI0_IRQHandler
                0x08002994                I2C2_EV_IRQHandler
                0x08002994                ADC1_2_IRQHandler
                0x08002994                SPI1_IRQHandler
                0x08002994                TAMPER_IRQHandler
                0x08002994                TIM8_UP_IRQHandler
                0x08002994                DMA2_Channel2_IRQHandler
                0x08002994                DMA1_Channel4_IRQHandler
                0x08002994                USART3_IRQHandler
                0x08002994                RTC_IRQHandler
                0x08002994                DMA1_Channel7_IRQHandler
                0x08002994                CAN1_RX1_IRQHandler
                0x08002994                UART5_IRQHandler
                0x08002994                ADC3_IRQHandler
                0x08002994                TIM4_IRQHandler
                0x08002994                DMA2_Channel1_IRQHandler
                0x08002994                I2C1_EV_IRQHandler
                0x08002994                DMA1_Channel6_IRQHandler
                0x08002994                UART4_IRQHandler
                0x08002994                TIM3_IRQHandler
                0x08002994                RCC_IRQHandler
                0x08002994                TIM1_TRG_COM_IRQHandler
                0x08002994                DMA1_Channel1_IRQHandler
                0x08002994                Default_Handler
                0x08002994                TIM7_IRQHandler
                0x08002994                TIM5_IRQHandler
                0x08002994                EXTI9_5_IRQHandler
                0x08002994                SPI2_IRQHandler
                0x08002994                EXTI4_IRQHandler
                0x08002994                USB_LP_CAN1_RX0_IRQHandler
                0x08002994                USB_HP_CAN1_TX_IRQHandler
                0x08002994                DMA1_Channel3_IRQHandler
                0x08002994                FSMC_IRQHandler
                0x08002994                TIM1_UP_IRQHandler
                0x08002994                WWDG_IRQHandler
                0x08002994                TIM2_IRQHandler
                0x08002994                TIM1_BRK_IRQHandler
                0x08002994                EXTI1_IRQHandler
                0x08002994                DMA2_Channel4_5_IRQHandler
                0x08002994                USART2_IRQHandler
                0x08002994                I2C2_ER_IRQHandler
                0x08002994                DMA1_Channel2_IRQHandler
                0x08002994                TIM8_BRK_IRQHandler
                0x08002994                CAN1_SCE_IRQHandler
                0x08002994                FLASH_IRQHandler
                0x08002994                USART1_IRQHandler
                0x08002994                SPI3_IRQHandler
                0x08002994                I2C1_ER_IRQHandler
                0x08002994                USBWakeUp_IRQHandler
                0x08002994                DMA2_Channel3_IRQHandler
 .text.SystemInit
                0x08002998       0x4c ./system/src/CMSIS/system_stm32f1xx.o
                0x08002998                SystemInit
 .text.SystemCoreClockUpdate
                0x080029e4       0x94 ./system/src/CMSIS/system_stm32f1xx.o
                0x080029e4                SystemCoreClockUpdate
 .text.longToArr
                0x08002a78       0x10 ./src/CM32VR60.o
                0x08002a78                longToArr
 .text.CM32VR60_startRecognition
                0x08002a88       0x20 ./src/CM32VR60.o
                0x08002a88                CM32VR60_startRecognition
 .text.CM32VR60_resetCY
                0x08002aa8       0x20 ./src/CM32VR60.o
                0x08002aa8                CM32VR60_resetCY
 .text.CM32VR60_resetModel
                0x08002ac8       0x20 ./src/CM32VR60.o
                0x08002ac8                CM32VR60_resetModel
 .text.CM32VR60_reportTime
                0x08002ae8       0x20 ./src/CM32VR60.o
                0x08002ae8                CM32VR60_reportTime
 .text.CM32VR60_receiveI2C
                0x08002b08       0x3c ./src/CM32VR60.o
                0x08002b08                CM32VR60_receiveI2C
 .text.crc32    0x08002b44       0x30 ./src/CM32VR60.o
                0x08002b44                crc32
 .text.makeSendData
                0x08002b74       0x80 ./src/CM32VR60.o
                0x08002b74                makeSendData
 .text.CM32VR60_initialization
                0x08002bf4       0x4c ./src/CM32VR60.o
                0x08002bf4                CM32VR60_initialization
 .text.CM32VR60_loadCommandModel
                0x08002c40       0x38 ./src/CM32VR60.o
                0x08002c40                CM32VR60_loadCommandModel
 .text.usrBtn_0_processing
                0x08002c78       0x9c ./src/bboard_buttons.o
                0x08002c78                usrBtn_0_processing
 .text.usrBtn_1_processing
                0x08002d14       0x9c ./src/bboard_buttons.o
                0x08002d14                usrBtn_1_processing
 .text.bboard_btn_processing_miscTIM_isr
                0x08002db0       0x48 ./src/bboard_buttons.o
                0x08002db0                bboard_btn_processing_miscTIM_isr
 .text.bboard_led_red_on
                0x08002df8       0x1c ./src/bboard_leds.o
                0x08002df8                bboard_led_red_on
 .text.bboard_led_green_off
                0x08002e14       0x1c ./src/bboard_leds.o
                0x08002e14                bboard_led_green_off
 .text.bboard_led_green_init
                0x08002e30       0x4c ./src/bboard_leds.o
                0x08002e30                bboard_led_green_init
 .text.bboard_led_red_off
                0x08002e7c       0x1c ./src/bboard_leds.o
                0x08002e7c                bboard_led_red_off
 .text.bboard_led_red_init
                0x08002e98       0x4c ./src/bboard_leds.o
                0x08002e98                bboard_led_red_init
 .text.bboard_usart1_init
                0x08002ee4       0x8c ./src/bboard_system.o
                0x08002ee4                bboard_usart1_init
 .text.bboard_usart1_printf
                0x08002f70       0x3c ./src/bboard_system.o
                0x08002f70                bboard_usart1_printf
 .text.GPIO_init
                0x08002fac       0x54 ./src/main.o
                0x08002fac                GPIO_init
 .text.Usart_DMA_Init
                0x08003000       0x68 ./src/main.o
                0x08003000                Usart_DMA_Init
 .text.HAL_GPIO_EXTI_Callback
                0x08003068        0xc ./src/main.o
                0x08003068                HAL_GPIO_EXTI_Callback
 .text.HAL_UART_RxCpltCallback
                0x08003074       0x88 ./src/main.o
                0x08003074                HAL_UART_RxCpltCallback
 .text.SystemClock_Config
                0x080030fc       0x5c ./src/main.o
                0x080030fc                SystemClock_Config
 .text.print    0x08003158       0x3c ./src/main.o
                0x08003158                print
 .text.I2C_init
                0x08003194       0x90 ./src/main.o
                0x08003194                I2C_init
 .text.main     0x08003224      0x214 ./src/main.o
                0x08003224                main
 .text.DMA1_Channel5_IRQHandler
                0x08003438       0x10 ./src/main.o
                0x08003438                DMA1_Channel5_IRQHandler
 .text.EXTI15_10_IRQHandler
                0x08003448        0xc ./src/main.o
                0x08003448                EXTI15_10_IRQHandler
 .text.rb_init  0x08003454       0x30 ./src/ring_buffer.o
                0x08003454                rb_init
 .text.NMI_Handler
                0x08003484        0x4 ./src/stm32f1xx_it.o
                0x08003484                NMI_Handler
 .text.HardFault_Handler
                0x08003488        0x4 ./src/stm32f1xx_it.o
                0x08003488                HardFault_Handler
 .text.MemManage_Handler
                0x0800348c        0x4 ./src/stm32f1xx_it.o
                0x0800348c                MemManage_Handler
 .text.BusFault_Handler
                0x08003490        0x4 ./src/stm32f1xx_it.o
                0x08003490                BusFault_Handler
 .text.UsageFault_Handler
                0x08003494        0x4 ./src/stm32f1xx_it.o
                0x08003494                UsageFault_Handler
 .text.SVC_Handler
                0x08003498        0x4 ./src/stm32f1xx_it.o
                0x08003498                SVC_Handler
 .text.DebugMon_Handler
                0x0800349c        0x4 ./src/stm32f1xx_it.o
                0x0800349c                DebugMon_Handler
 .text.PendSV_Handler
                0x080034a0        0x4 ./src/stm32f1xx_it.o
                0x080034a0                PendSV_Handler
 .text.SysTick_Handler
                0x080034a4        0xc ./src/stm32f1xx_it.o
                0x080034a4                SysTick_Handler
 .text.__errno  0x080034b0        0xc /home/dangnhat/Programs/gcc-arm-none-eabi-4_8-2014q2/bin/../lib/gcc/arm-none-eabi/4.8.4/../../../../arm-none-eabi/lib/armv7-m/libg_s.a(lib_a-errno.o)
                0x080034b0                __errno
 .text.memcmp   0x080034bc       0x1e /home/dangnhat/Programs/gcc-arm-none-eabi-4_8-2014q2/bin/../lib/gcc/arm-none-eabi/4.8.4/../../../../arm-none-eabi/lib/armv7-m/libg_s.a(lib_a-memcmp.o)
                0x080034bc                memcmp
 .text.memcpy   0x080034da       0x12 /home/dangnhat/Programs/gcc-arm-none-eabi-4_8-2014q2/bin/../lib/gcc/arm-none-eabi/4.8.4/../../../../arm-none-eabi/lib/armv7-m/libg_s.a(lib_a-memcpy-stub.o)
                0x080034da                memcpy
 .text.memmove  0x080034ec       0x36 /home/dangnhat/Programs/gcc-arm-none-eabi-4_8-2014q2/bin/../lib/gcc/arm-none-eabi/4.8.4/../../../../arm-none-eabi/lib/armv7-m/libg_s.a(lib_a-memmove.o)
                0x080034ec                memmove
 .text.strlen   0x08003522       0x10 /home/dangnhat/Programs/gcc-arm-none-eabi-4_8-2014q2/bin/../lib/gcc/arm-none-eabi/4.8.4/../../../../arm-none-eabi/lib/armv7-m/libg_s.a(lib_a-strlen.o)
                0x08003522                strlen
 .text._vsnprintf_r
                0x08003532       0x52 /home/dangnhat/Programs/gcc-arm-none-eabi-4_8-2014q2/bin/../lib/gcc/arm-none-eabi/4.8.4/../../../../arm-none-eabi/lib/armv7-m/libg_s.a(lib_a-vsnprintf.o)
                0x08003532                _vsnprintf_r
                0x08003532                _vsniprintf_r
 .text.vsnprintf
                0x08003584       0x20 /home/dangnhat/Programs/gcc-arm-none-eabi-4_8-2014q2/bin/../lib/gcc/arm-none-eabi/4.8.4/../../../../arm-none-eabi/lib/armv7-m/libg_s.a(lib_a-vsnprintf.o)
                0x08003584                vsnprintf
                0x08003584                vsniprintf
 .text.__ssputs_r
                0x080035a4       0xb8 /home/dangnhat/Programs/gcc-arm-none-eabi-4_8-2014q2/bin/../lib/gcc/arm-none-eabi/4.8.4/../../../../arm-none-eabi/lib/armv7-m/libg_s.a(lib_a-svfprintf.o)
                0x080035a4                __ssputs_r
 .text._svfprintf_r
                0x0800365c      0x1d8 /home/dangnhat/Programs/gcc-arm-none-eabi-4_8-2014q2/bin/../lib/gcc/arm-none-eabi/4.8.4/../../../../arm-none-eabi/lib/armv7-m/libg_s.a(lib_a-svfprintf.o)
                0x0800365c                _svfprintf_r
                0x0800365c                _svfiprintf_r
 .text._printf_common
                0x08003834       0xe4 /home/dangnhat/Programs/gcc-arm-none-eabi-4_8-2014q2/bin/../lib/gcc/arm-none-eabi/4.8.4/../../../../arm-none-eabi/lib/armv7-m/libg_s.a(lib_a-vfprintf_i.o)
                0x08003834                _printf_common
 .text._printf_i
                0x08003918      0x228 /home/dangnhat/Programs/gcc-arm-none-eabi-4_8-2014q2/bin/../lib/gcc/arm-none-eabi/4.8.4/../../../../arm-none-eabi/lib/armv7-m/libg_s.a(lib_a-vfprintf_i.o)
                0x08003918                _printf_i
 .text.memchr   0x08003b40       0x1c /home/dangnhat/Programs/gcc-arm-none-eabi-4_8-2014q2/bin/../lib/gcc/arm-none-eabi/4.8.4/../../../../arm-none-eabi/lib/armv7-m/libg_s.a(lib_a-memchr-stub.o)
                0x08003b40                memchr
 .text._free_r  0x08003b5c       0x88 /home/dangnhat/Programs/gcc-arm-none-eabi-4_8-2014q2/bin/../lib/gcc/arm-none-eabi/4.8.4/../../../../arm-none-eabi/lib/armv7-m/libg_s.a(lib_a-nano-freer.o)
                0x08003b5c                _free_r
 .text._malloc_r
                0x08003be4       0xa8 /home/dangnhat/Programs/gcc-arm-none-eabi-4_8-2014q2/bin/../lib/gcc/arm-none-eabi/4.8.4/../../../../arm-none-eabi/lib/armv7-m/libg_s.a(lib_a-nano-mallocr.o)
                0x08003be4                _malloc_r
 .text._realloc_r
                0x08003c8c       0x4c /home/dangnhat/Programs/gcc-arm-none-eabi-4_8-2014q2/bin/../lib/gcc/arm-none-eabi/4.8.4/../../../../arm-none-eabi/lib/armv7-m/libg_s.a(lib_a-nano-reallocr.o)
                0x08003c8c                _realloc_r
 .text._sbrk_r  0x08003cd8       0x20 /home/dangnhat/Programs/gcc-arm-none-eabi-4_8-2014q2/bin/../lib/gcc/arm-none-eabi/4.8.4/../../../../arm-none-eabi/lib/armv7-m/libg_s.a(lib_a-sbrkr.o)
                0x08003cd8                _sbrk_r
 .text._malloc_usable_size_r
                0x08003cf8       0x12 /home/dangnhat/Programs/gcc-arm-none-eabi-4_8-2014q2/bin/../lib/gcc/arm-none-eabi/4.8.4/../../../../arm-none-eabi/lib/armv7-m/libg_s.a(lib_a-nano-msizer.o)
                0x08003cf8                _malloc_usable_size_r
 *(.rodata .rodata.* .constdata .constdata.*)
 *fill*         0x08003d0a        0x2 
 .rodata        0x08003d0c       0x14 ./system/src/stm32f1xx/stm32f1xx_hal_rcc.o
 .rodata.aAPBAHBPrescTable
                0x08003d20       0x10 ./system/src/stm32f1xx/stm32f1xx_hal_rcc.o
                0x08003d20                aAPBAHBPrescTable
 .rodata.str1.4
                0x08003d30      0x146 ./system/src/cortexm/exception_handlers.o
                                0x148 (size before relaxing)
 *fill*         0x08003e76        0x2 
 .rodata.AHBPrescTable
                0x08003e78       0x10 ./system/src/CMSIS/system_stm32f1xx.o
                0x08003e78                AHBPrescTable
 .rodata.str1.4
                0x08003e88       0x68 ./src/CM32VR60.o
 .rodata.CY_model
                0x08003ef0     0x61a8 ./src/CM32VR60.o
                0x08003ef0                CY_model
 .rodata.str1.4
                0x0800a098       0xe4 ./src/main.o
                                 0xe8 (size before relaxing)
 .rodata.str1.1
                0x0800a17c        0x2 /home/dangnhat/Programs/gcc-arm-none-eabi-4_8-2014q2/bin/../lib/gcc/arm-none-eabi/4.8.4/../../../../arm-none-eabi/lib/armv7-m/libg_s.a(lib_a-impure.o)
 .rodata.str1.1
                0x0800a17e       0x11 /home/dangnhat/Programs/gcc-arm-none-eabi-4_8-2014q2/bin/../lib/gcc/arm-none-eabi/4.8.4/../../../../arm-none-eabi/lib/armv7-m/libg_s.a(lib_a-svfprintf.o)
 .rodata.str1.1
                0x0800a18f       0x22 /home/dangnhat/Programs/gcc-arm-none-eabi-4_8-2014q2/bin/../lib/gcc/arm-none-eabi/4.8.4/../../../../arm-none-eabi/lib/armv7-m/libg_s.a(lib_a-vfprintf_i.o)
 *(vtable)
 *(.eh_frame*)
 *(.glue_7)
 .glue_7        0x00000000        0x0 linker stubs
 *(.glue_7t)
 .glue_7t       0x00000000        0x0 linker stubs

.vfp11_veneer   0x0800a1b4        0x0
 .vfp11_veneer  0x00000000        0x0 linker stubs

.v4_bx          0x0800a1b4        0x0
 .v4_bx         0x00000000        0x0 linker stubs

.iplt           0x0800a1b4        0x0
 .iplt          0x00000000        0x0 ./system/src/stm32f1xx/stm32f1xx_hal.o

.rel.dyn        0x0800a1b4        0x0
 .rel.iplt      0x00000000        0x0 ./system/src/stm32f1xx/stm32f1xx_hal.o

.ARM.extab
 *(.ARM.extab* .gnu.linkonce.armextab.*)
                0x0800a1b4                . = ALIGN (0x4)
                0x0800a1b4                __exidx_start = .

.ARM.exidx
 *(.ARM.exidx* .gnu.linkonce.armexidx.*)
                0x0800a1b4                __exidx_end = .
                0x0800a1b4                . = ALIGN (0x4)
                0x0800a1b4                _etext = .
                0x0800a1b4                __etext = .

.data_CCMRAM    0x10000000        0x0 load address 0x0800a1b4
 FILL mask 0xff
 *(.data.CCMRAM .data.CCMRAM.*)
                0x10000000                . = ALIGN (0x4)
                0x0800a1b4                _sidata = LOADADDR (.data)

.data           0x20000000      0x4a8 load address 0x0800a1b4
 FILL mask 0xff
                0x20000000                _sdata = .
                0x20000000                __data_start__ = .
 *(.data_begin .data_begin.*)
 .data_begin    0x20000000        0x4 ./system/src/newlib/_startup.o
 *(.data .data.*)
 .data.argv.4458
                0x20000004        0x8 ./system/src/newlib/_syscalls.o
 .data.SystemCoreClock
                0x2000000c        0x4 ./system/src/CMSIS/system_stm32f1xx.o
                0x2000000c                SystemCoreClock
 .data.crc_table
                0x20000010      0x400 ./src/CM32VR60.o
                0x20000010                crc_table
 .data.keyRead_2
                0x20000410        0x4 ./src/bboard_buttons.o
                0x20000410                keyRead_2
 .data.keyRead_3
                0x20000414        0x4 ./src/bboard_buttons.o
                0x20000414                keyRead_3
 .data.keyOldState
                0x20000418        0x4 ./src/bboard_buttons.o
                0x20000418                keyOldState
 .data.btn_processingFunctions_p
                0x2000041c        0x8 ./src/bboard_buttons.o
                0x2000041c                btn_processingFunctions_p
 .data.btn_GPIO_ports
                0x20000424        0x8 ./src/bboard_buttons.o
                0x20000424                btn_GPIO_ports
 .data.keyRead_1
                0x2000042c        0x4 ./src/bboard_buttons.o
                0x2000042c                keyRead_1
 .data.led_gpio
                0x20000430        0x8 ./src/bboard_leds.o
                0x20000430                led_gpio
 .data.led_pin  0x20000438        0x8 ./src/bboard_leds.o
                0x20000438                led_pin
 .data.impure_data
                0x20000440       0x60 /home/dangnhat/Programs/gcc-arm-none-eabi-4_8-2014q2/bin/../lib/gcc/arm-none-eabi/4.8.4/../../../../arm-none-eabi/lib/armv7-m/libg_s.a(lib_a-impure.o)
 .data._impure_ptr
                0x200004a0        0x4 /home/dangnhat/Programs/gcc-arm-none-eabi-4_8-2014q2/bin/../lib/gcc/arm-none-eabi/4.8.4/../../../../arm-none-eabi/lib/armv7-m/libg_s.a(lib_a-impure.o)
                0x200004a0                _impure_ptr
 *(.data_end .data_end.*)
 .data_end      0x200004a4        0x4 ./system/src/newlib/_startup.o
                0x200004a8                . = ALIGN (0x4)
                0x200004a8                _edata = .
                0x200004a8                __data_end__ = .

.igot.plt       0x200004a8        0x0 load address 0x0800a65c
 .igot.plt      0x00000000        0x0 ./system/src/stm32f1xx/stm32f1xx_hal.o

.bss_CCMRAM     0x10000000        0x0
 *(.bss.CCMRAM .bss.CCMRAM.*)

.bss            0x200004a8     0x9efc
                0x200004a8                __bss_start__ = .
                0x200004a8                _sbss = .
 *(.bss_begin .bss_begin.*)
 .bss_begin     0x200004a8        0x4 ./system/src/newlib/_startup.o
 *(.bss .bss.*)
 .bss.uwTick    0x200004ac        0x4 ./system/src/stm32f1xx/stm32f1xx_hal.o
 .bss.current_heap_end.4285
                0x200004b0        0x4 ./system/src/newlib/_sbrk.o
 .bss.name.4457
                0x200004b4        0x4 ./system/src/newlib/_syscalls.o
 .bss.buf.5348  0x200004b8       0x80 ./system/src/diag/Trace.o
 .bss.isNewKeyPressed
                0x20000538        0x4 ./src/bboard_buttons.o
                0x20000538                isNewKeyPressed
 .bss.longTimePressed_count
                0x2000053c        0x4 ./src/bboard_buttons.o
                0x2000053c                longTimePressed_count
 .bss.timeCycle_count
                0x20000540        0x1 ./src/bboard_buttons.o
                0x20000540                timeCycle_count
 *fill*         0x20000541        0x3 
 .bss.isLongTimePressed
                0x20000544        0x4 ./src/bboard_buttons.o
                0x20000544                isLongTimePressed
 .bss.rxByte    0x20000548        0x1 ./src/main.o
                0x20000548                rxByte
 .bss.rxIndex   0x20000549        0x1 ./src/main.o
                0x20000549                rxIndex
 *fill*         0x2000054a        0x2 
 .bss.__malloc_sbrk_start
                0x2000054c        0x4 /home/dangnhat/Programs/gcc-arm-none-eabi-4_8-2014q2/bin/../lib/gcc/arm-none-eabi/4.8.4/../../../../arm-none-eabi/lib/armv7-m/libg_s.a(lib_a-nano-mallocr.o)
                0x2000054c                __malloc_sbrk_start
 .bss.__malloc_free_list
                0x20000550        0x4 /home/dangnhat/Programs/gcc-arm-none-eabi-4_8-2014q2/bin/../lib/gcc/arm-none-eabi/4.8.4/../../../../arm-none-eabi/lib/armv7-m/libg_s.a(lib_a-nano-mallocr.o)
                0x20000550                __malloc_free_list
 *(COMMON)
 COMMON         0x20000554        0x4 ./system/src/newlib/_syscalls.o
                0x20000554                errno
 COMMON         0x20000558     0x9c44 ./src/CM32VR60.o
                0x20000558                modelSize
                0x2000055c                sendData
 COMMON         0x2000a19c       0x40 ./src/bboard_system.o
                0x2000a19c                bboard_uart1_handle
 COMMON         0x2000a1dc      0x1c1 ./src/main.o
                0x2000a1dc                cmdReceived
                0x2000a1e0                i2c_handle
                0x2000a21c                dma_rx_params
                0x2000a254                buffer
                0x2000a35c                rxBuffer
                0x2000a39c                operationFinished
 *(.bss_end .bss_end.*)
 *fill*         0x2000a39d        0x3 
 .bss_end       0x2000a3a0        0x4 ./system/src/newlib/_startup.o
                0x2000a3a4                . = ALIGN (0x4)
                0x2000a3a4                __bss_end__ = .
                0x2000a3a4                _ebss = .

.noinit_CCMRAM
 *(.noinit.CCMRAM .noinit.CCMRAM.*)

.noinit         0x2000a3a4        0x0
                0x2000a3a4                _noinit = .
 *(.noinit .noinit.*)
                0x2000a3a4                . = ALIGN (0x4)
                0x2000a3a4                _end_noinit = .
                0x2000a3a4                PROVIDE (end, _end_noinit)
                0x2000a3a4                PROVIDE (_end, _end_noinit)
                0x2000a3a4                PROVIDE (__end, _end_noinit)
                0x2000a3a4                PROVIDE (__end__, _end_noinit)

._check_stack   0x2000a3a4      0x100
                0x2000a4a4                . = (. + _Minimum_Stack_Size)
 *fill*         0x2000a3a4      0x100 

.b1text
 *(.b1text)
 *(.b1rodata)
 *(.b1rodata.*)

.eb0text
 *(.eb0text)
 *(.eb0rodata)
 *(.eb0rodata.*)

.eb1text
 *(.eb1text)
 *(.eb1rodata)
 *(.eb1rodata.*)

.eb2text
 *(.eb2text)
 *(.eb2rodata)
 *(.eb2rodata.*)

.eb3text
 *(.eb3text)
 *(.eb3rodata)
 *(.eb3rodata.*)

.stab
 *(.stab)

.stabstr
 *(.stabstr)

.stab.excl
 *(.stab.excl)

.stab.exclstr
 *(.stab.exclstr)

.stab.index
 *(.stab.index)

.stab.indexstr
 *(.stab.indexstr)

.comment        0x00000000       0x70
 *(.comment)
 .comment       0x00000000       0x70 ./system/src/stm32f1xx/stm32f1xx_hal.o
                                 0x71 (size before relaxing)
 .comment       0x00000000       0x71 ./system/src/stm32f1xx/stm32f1xx_hal_cortex.o
 .comment       0x00000000       0x71 ./system/src/stm32f1xx/stm32f1xx_hal_dma.o
 .comment       0x00000000       0x71 ./system/src/stm32f1xx/stm32f1xx_hal_gpio.o
 .comment       0x00000000       0x71 ./system/src/stm32f1xx/stm32f1xx_hal_i2c.o
 .comment       0x00000000       0x71 ./system/src/stm32f1xx/stm32f1xx_hal_msp_template.o
 .comment       0x00000000       0x71 ./system/src/stm32f1xx/stm32f1xx_hal_rcc.o
 .comment       0x00000000       0x71 ./system/src/stm32f1xx/stm32f1xx_hal_uart.o
 .comment       0x00000000       0x71 ./system/src/newlib/_exit.o
 .comment       0x00000000       0x71 ./system/src/newlib/_sbrk.o
 .comment       0x00000000       0x71 ./system/src/newlib/_startup.o
 .comment       0x00000000       0x71 ./system/src/newlib/_syscalls.o
 .comment       0x00000000       0x71 ./system/src/diag/Trace.o
 .comment       0x00000000       0x71 ./system/src/diag/trace_impl.o
 .comment       0x00000000       0x71 ./system/src/cortexm/_initialize_hardware.o
 .comment       0x00000000       0x71 ./system/src/cortexm/exception_handlers.o
 .comment       0x00000000       0x71 ./system/src/CMSIS/system_stm32f1xx.o
 .comment       0x00000000       0x71 ./src/CM32VR60.o
 .comment       0x00000000       0x71 ./src/bboard_buttons.o
 .comment       0x00000000       0x71 ./src/bboard_leds.o
 .comment       0x00000000       0x71 ./src/bboard_system.o
 .comment       0x00000000       0x71 ./src/main.o
 .comment       0x00000000       0x71 ./src/ring_buffer.o
 .comment       0x00000000       0x71 ./src/stm32f1xx_it.o

.ARM.attributes
                0x00000000       0x31
 .ARM.attributes
                0x00000000       0x33 ./system/src/stm32f1xx/stm32f1xx_hal.o
 .ARM.attributes
                0x00000033       0x33 ./system/src/stm32f1xx/stm32f1xx_hal_cortex.o
 .ARM.attributes
                0x00000066       0x33 ./system/src/stm32f1xx/stm32f1xx_hal_dma.o
 .ARM.attributes
                0x00000099       0x33 ./system/src/stm32f1xx/stm32f1xx_hal_gpio.o
 .ARM.attributes
                0x000000cc       0x33 ./system/src/stm32f1xx/stm32f1xx_hal_i2c.o
 .ARM.attributes
                0x000000ff       0x33 ./system/src/stm32f1xx/stm32f1xx_hal_msp_template.o
 .ARM.attributes
                0x00000132       0x33 ./system/src/stm32f1xx/stm32f1xx_hal_rcc.o
 .ARM.attributes
                0x00000165       0x33 ./system/src/stm32f1xx/stm32f1xx_hal_uart.o
 .ARM.attributes
                0x00000198       0x33 ./system/src/newlib/_exit.o
 .ARM.attributes
                0x000001cb       0x33 ./system/src/newlib/_sbrk.o
 .ARM.attributes
                0x000001fe       0x33 ./system/src/newlib/_startup.o
 .ARM.attributes
                0x00000231       0x33 ./system/src/newlib/_syscalls.o
 .ARM.attributes
                0x00000264       0x33 ./system/src/diag/Trace.o
 .ARM.attributes
                0x00000297       0x33 ./system/src/diag/trace_impl.o
 .ARM.attributes
                0x000002ca       0x33 ./system/src/cortexm/_initialize_hardware.o
 .ARM.attributes
                0x000002fd       0x33 ./system/src/cortexm/exception_handlers.o
 .ARM.attributes
                0x00000330       0x21 ./system/src/CMSIS/startup_stm32f103xe.o
 .ARM.attributes
                0x00000351       0x33 ./system/src/CMSIS/system_stm32f1xx.o
 .ARM.attributes
                0x00000384       0x33 ./src/CM32VR60.o
 .ARM.attributes
                0x000003b7       0x33 ./src/bboard_buttons.o
 .ARM.attributes
                0x000003ea       0x33 ./src/bboard_leds.o
 .ARM.attributes
                0x0000041d       0x33 ./src/bboard_system.o
 .ARM.attributes
                0x00000450       0x33 ./src/main.o
 .ARM.attributes
                0x00000483       0x33 ./src/ring_buffer.o
 .ARM.attributes
                0x000004b6       0x33 ./src/stm32f1xx_it.o
 .ARM.attributes
                0x000004e9       0x2d /home/dangnhat/Programs/gcc-arm-none-eabi-4_8-2014q2/bin/../lib/gcc/arm-none-eabi/4.8.4/../../../../arm-none-eabi/lib/armv7-m/libg_s.a(lib_a-errno.o)
 .ARM.attributes
                0x00000516       0x2d /home/dangnhat/Programs/gcc-arm-none-eabi-4_8-2014q2/bin/../lib/gcc/arm-none-eabi/4.8.4/../../../../arm-none-eabi/lib/armv7-m/libg_s.a(lib_a-impure.o)
 .ARM.attributes
                0x00000543       0x2d /home/dangnhat/Programs/gcc-arm-none-eabi-4_8-2014q2/bin/../lib/gcc/arm-none-eabi/4.8.4/../../../../arm-none-eabi/lib/armv7-m/libg_s.a(lib_a-memcmp.o)
 .ARM.attributes
                0x00000570       0x2d /home/dangnhat/Programs/gcc-arm-none-eabi-4_8-2014q2/bin/../lib/gcc/arm-none-eabi/4.8.4/../../../../arm-none-eabi/lib/armv7-m/libg_s.a(lib_a-memcpy-stub.o)
 .ARM.attributes
                0x0000059d       0x2d /home/dangnhat/Programs/gcc-arm-none-eabi-4_8-2014q2/bin/../lib/gcc/arm-none-eabi/4.8.4/../../../../arm-none-eabi/lib/armv7-m/libg_s.a(lib_a-memmove.o)
 .ARM.attributes
                0x000005ca       0x2d /home/dangnhat/Programs/gcc-arm-none-eabi-4_8-2014q2/bin/../lib/gcc/arm-none-eabi/4.8.4/../../../../arm-none-eabi/lib/armv7-m/libg_s.a(lib_a-strlen.o)
 .ARM.attributes
                0x000005f7       0x2d /home/dangnhat/Programs/gcc-arm-none-eabi-4_8-2014q2/bin/../lib/gcc/arm-none-eabi/4.8.4/../../../../arm-none-eabi/lib/armv7-m/libg_s.a(lib_a-vsnprintf.o)
 .ARM.attributes
                0x00000624       0x2d /home/dangnhat/Programs/gcc-arm-none-eabi-4_8-2014q2/bin/../lib/gcc/arm-none-eabi/4.8.4/../../../../arm-none-eabi/lib/armv7-m/libg_s.a(lib_a-svfprintf.o)
 .ARM.attributes
                0x00000651       0x2d /home/dangnhat/Programs/gcc-arm-none-eabi-4_8-2014q2/bin/../lib/gcc/arm-none-eabi/4.8.4/../../../../arm-none-eabi/lib/armv7-m/libg_s.a(lib_a-vfprintf_i.o)
 .ARM.attributes
                0x0000067e       0x2d /home/dangnhat/Programs/gcc-arm-none-eabi-4_8-2014q2/bin/../lib/gcc/arm-none-eabi/4.8.4/../../../../arm-none-eabi/lib/armv7-m/libg_s.a(lib_a-memchr-stub.o)
 .ARM.attributes
                0x000006ab       0x2d /home/dangnhat/Programs/gcc-arm-none-eabi-4_8-2014q2/bin/../lib/gcc/arm-none-eabi/4.8.4/../../../../arm-none-eabi/lib/armv7-m/libg_s.a(lib_a-nano-freer.o)
 .ARM.attributes
                0x000006d8       0x2d /home/dangnhat/Programs/gcc-arm-none-eabi-4_8-2014q2/bin/../lib/gcc/arm-none-eabi/4.8.4/../../../../arm-none-eabi/lib/armv7-m/libg_s.a(lib_a-nano-mallocr.o)
 .ARM.attributes
                0x00000705       0x2d /home/dangnhat/Programs/gcc-arm-none-eabi-4_8-2014q2/bin/../lib/gcc/arm-none-eabi/4.8.4/../../../../arm-none-eabi/lib/armv7-m/libg_s.a(lib_a-nano-reallocr.o)
 .ARM.attributes
                0x00000732       0x2d /home/dangnhat/Programs/gcc-arm-none-eabi-4_8-2014q2/bin/../lib/gcc/arm-none-eabi/4.8.4/../../../../arm-none-eabi/lib/armv7-m/libg_s.a(lib_a-sbrkr.o)
 .ARM.attributes
                0x0000075f       0x2d /home/dangnhat/Programs/gcc-arm-none-eabi-4_8-2014q2/bin/../lib/gcc/arm-none-eabi/4.8.4/../../../../arm-none-eabi/lib/armv7-m/libg_s.a(lib_a-nano-msizer.o)

.debug
 *(.debug)

.line
 *(.line)

.debug_srcinfo
 *(.debug_srcinfo)

.debug_sfnames
 *(.debug_sfnames)

.debug_aranges  0x00000000      0xb60
 *(.debug_aranges)
 .debug_aranges
                0x00000000       0xb0 ./system/src/stm32f1xx/stm32f1xx_hal.o
 .debug_aranges
                0x000000b0       0x90 ./system/src/stm32f1xx/stm32f1xx_hal_cortex.o
 .debug_aranges
                0x00000140       0x68 ./system/src/stm32f1xx/stm32f1xx_hal_dma.o
 .debug_aranges
                0x000001a8       0x58 ./system/src/stm32f1xx/stm32f1xx_hal_gpio.o
 .debug_aranges
                0x00000200      0x218 ./system/src/stm32f1xx/stm32f1xx_hal_i2c.o
 .debug_aranges
                0x00000418       0x38 ./system/src/stm32f1xx/stm32f1xx_hal_msp_template.o
 .debug_aranges
                0x00000450       0x88 ./system/src/stm32f1xx/stm32f1xx_hal_rcc.o
 .debug_aranges
                0x000004d8      0x150 ./system/src/stm32f1xx/stm32f1xx_hal_uart.o
 .debug_aranges
                0x00000628       0x28 ./system/src/newlib/_exit.o
 .debug_aranges
                0x00000650       0x20 ./system/src/newlib/_sbrk.o
 .debug_aranges
                0x00000670       0x40 ./system/src/newlib/_startup.o
 .debug_aranges
                0x000006b0       0xd0 ./system/src/newlib/_syscalls.o
 .debug_aranges
                0x00000780       0x38 ./system/src/diag/Trace.o
 .debug_aranges
                0x000007b8       0x28 ./system/src/diag/trace_impl.o
 .debug_aranges
                0x000007e0       0x28 ./system/src/cortexm/_initialize_hardware.o
 .debug_aranges
                0x00000808       0x88 ./system/src/cortexm/exception_handlers.o
 .debug_aranges
                0x00000890       0x28 ./system/src/CMSIS/startup_stm32f103xe.o
 .debug_aranges
                0x000008b8       0x28 ./system/src/CMSIS/system_stm32f1xx.o
 .debug_aranges
                0x000008e0       0x88 ./src/CM32VR60.o
 .debug_aranges
                0x00000968       0x48 ./src/bboard_buttons.o
 .debug_aranges
                0x000009b0       0x58 ./src/bboard_leds.o
 .debug_aranges
                0x00000a08       0x38 ./src/bboard_system.o
 .debug_aranges
                0x00000a40       0x78 ./src/main.o
 .debug_aranges
                0x00000ab8       0x48 ./src/ring_buffer.o
 .debug_aranges
                0x00000b00       0x60 ./src/stm32f1xx_it.o

.debug_pubnames
 *(.debug_pubnames)

.debug_info     0x00000000     0xd02f
 *(.debug_info .gnu.linkonce.wi.*)
 .debug_info    0x00000000      0x71a ./system/src/stm32f1xx/stm32f1xx_hal.o
 .debug_info    0x0000071a      0xc7f ./system/src/stm32f1xx/stm32f1xx_hal_cortex.o
 .debug_info    0x00001399      0x62a ./system/src/stm32f1xx/stm32f1xx_hal_dma.o
 .debug_info    0x000019c3      0x5f5 ./system/src/stm32f1xx/stm32f1xx_hal_gpio.o
 .debug_info    0x00001fb8     0x2aa8 ./system/src/stm32f1xx/stm32f1xx_hal_i2c.o
 .debug_info    0x00004a60       0xe9 ./system/src/stm32f1xx/stm32f1xx_hal_msp_template.o
 .debug_info    0x00004b49     0x1574 ./system/src/stm32f1xx/stm32f1xx_hal_rcc.o
 .debug_info    0x000060bd     0x10cf ./system/src/stm32f1xx/stm32f1xx_hal_uart.o
 .debug_info    0x0000718c       0xf9 ./system/src/newlib/_exit.o
 .debug_info    0x00007285      0x11e ./system/src/newlib/_sbrk.o
 .debug_info    0x000073a3      0x478 ./system/src/newlib/_startup.o
 .debug_info    0x0000781b      0x8fd ./system/src/newlib/_syscalls.o
 .debug_info    0x00008118      0x324 ./system/src/diag/Trace.o
 .debug_info    0x0000843c      0x118 ./system/src/diag/trace_impl.o
 .debug_info    0x00008554      0x2bc ./system/src/cortexm/_initialize_hardware.o
 .debug_info    0x00008810      0x7b0 ./system/src/cortexm/exception_handlers.o
 .debug_info    0x00008fc0       0xc2 ./system/src/CMSIS/startup_stm32f103xe.o
 .debug_info    0x00009082      0x3a0 ./system/src/CMSIS/system_stm32f1xx.o
 .debug_info    0x00009422      0xccf ./src/CM32VR60.o
 .debug_info    0x0000a0f1      0x559 ./src/bboard_buttons.o
 .debug_info    0x0000a64a      0x4aa ./src/bboard_leds.o
 .debug_info    0x0000aaf4      0x91a ./src/bboard_system.o
 .debug_info    0x0000b40e     0x184c ./src/main.o
 .debug_info    0x0000cc5a      0x271 ./src/ring_buffer.o
 .debug_info    0x0000cecb      0x164 ./src/stm32f1xx_it.o

.debug_abbrev   0x00000000     0x2857
 *(.debug_abbrev)
 .debug_abbrev  0x00000000      0x258 ./system/src/stm32f1xx/stm32f1xx_hal.o
 .debug_abbrev  0x00000258      0x28e ./system/src/stm32f1xx/stm32f1xx_hal_cortex.o
 .debug_abbrev  0x000004e6      0x1f2 ./system/src/stm32f1xx/stm32f1xx_hal_dma.o
 .debug_abbrev  0x000006d8      0x1cb ./system/src/stm32f1xx/stm32f1xx_hal_gpio.o
 .debug_abbrev  0x000008a3      0x22e ./system/src/stm32f1xx/stm32f1xx_hal_i2c.o
 .debug_abbrev  0x00000ad1       0x6a ./system/src/stm32f1xx/stm32f1xx_hal_msp_template.o
 .debug_abbrev  0x00000b3b      0x30b ./system/src/stm32f1xx/stm32f1xx_hal_rcc.o
 .debug_abbrev  0x00000e46      0x250 ./system/src/stm32f1xx/stm32f1xx_hal_uart.o
 .debug_abbrev  0x00001096       0xa4 ./system/src/newlib/_exit.o
 .debug_abbrev  0x0000113a       0xbb ./system/src/newlib/_sbrk.o
 .debug_abbrev  0x000011f5      0x1e9 ./system/src/newlib/_startup.o
 .debug_abbrev  0x000013de      0x178 ./system/src/newlib/_syscalls.o
 .debug_abbrev  0x00001556      0x178 ./system/src/diag/Trace.o
 .debug_abbrev  0x000016ce       0xb4 ./system/src/diag/trace_impl.o
 .debug_abbrev  0x00001782       0xea ./system/src/cortexm/_initialize_hardware.o
 .debug_abbrev  0x0000186c      0x1d6 ./system/src/cortexm/exception_handlers.o
 .debug_abbrev  0x00001a42       0x12 ./system/src/CMSIS/startup_stm32f103xe.o
 .debug_abbrev  0x00001a54      0x123 ./system/src/CMSIS/system_stm32f1xx.o
 .debug_abbrev  0x00001b77      0x260 ./src/CM32VR60.o
 .debug_abbrev  0x00001dd7      0x1e9 ./src/bboard_buttons.o
 .debug_abbrev  0x00001fc0      0x19b ./src/bboard_leds.o
 .debug_abbrev  0x0000215b      0x227 ./src/bboard_system.o
 .debug_abbrev  0x00002382      0x341 ./src/main.o
 .debug_abbrev  0x000026c3       0xe3 ./src/ring_buffer.o
 .debug_abbrev  0x000027a6       0xb1 ./src/stm32f1xx_it.o

.debug_line     0x00000000     0xd793
 *(.debug_line)
 .debug_line    0x00000000      0x9aa ./system/src/stm32f1xx/stm32f1xx_hal.o
 .debug_line    0x000009aa      0x9e7 ./system/src/stm32f1xx/stm32f1xx_hal_cortex.o
 .debug_line    0x00001391      0xbbe ./system/src/stm32f1xx/stm32f1xx_hal_dma.o
 .debug_line    0x00001f4f      0x9c0 ./system/src/stm32f1xx/stm32f1xx_hal_gpio.o
 .debug_line    0x0000290f     0x17e2 ./system/src/stm32f1xx/stm32f1xx_hal_i2c.o
 .debug_line    0x000040f1      0x893 ./system/src/stm32f1xx/stm32f1xx_hal_msp_template.o
 .debug_line    0x00004984      0xedb ./system/src/stm32f1xx/stm32f1xx_hal_rcc.o
 .debug_line    0x0000585f      0xebb ./system/src/stm32f1xx/stm32f1xx_hal_uart.o
 .debug_line    0x0000671a      0x2a2 ./system/src/newlib/_exit.o
 .debug_line    0x000069bc      0x254 ./system/src/newlib/_sbrk.o
 .debug_line    0x00006c10      0x30e ./system/src/newlib/_startup.o
 .debug_line    0x00006f1e      0x4bb ./system/src/newlib/_syscalls.o
 .debug_line    0x000073d9      0x367 ./system/src/diag/Trace.o
 .debug_line    0x00007740      0x8a8 ./system/src/diag/trace_impl.o
 .debug_line    0x00007fe8      0x87b ./system/src/cortexm/_initialize_hardware.o
 .debug_line    0x00008863      0x9ea ./system/src/cortexm/exception_handlers.o
 .debug_line    0x0000924d       0xbc ./system/src/CMSIS/startup_stm32f103xe.o
 .debug_line    0x00009309      0x89d ./system/src/CMSIS/system_stm32f1xx.o
 .debug_line    0x00009ba6      0x9dc ./src/CM32VR60.o
 .debug_line    0x0000a582      0x8e8 ./src/bboard_buttons.o
 .debug_line    0x0000ae6a      0x8bc ./src/bboard_leds.o
 .debug_line    0x0000b726      0x951 ./src/bboard_system.o
 .debug_line    0x0000c077      0xac4 ./src/main.o
 .debug_line    0x0000cb3b      0x356 ./src/ring_buffer.o
 .debug_line    0x0000ce91      0x902 ./src/stm32f1xx_it.o

.debug_frame    0x00000000     0x1dcc
 *(.debug_frame)
 .debug_frame   0x00000000      0x164 ./system/src/stm32f1xx/stm32f1xx_hal.o
 .debug_frame   0x00000164      0x11c ./system/src/stm32f1xx/stm32f1xx_hal_cortex.o
 .debug_frame   0x00000280      0x100 ./system/src/stm32f1xx/stm32f1xx_hal_dma.o
 .debug_frame   0x00000380       0xb8 ./system/src/stm32f1xx/stm32f1xx_hal_gpio.o
 .debug_frame   0x00000438      0x688 ./system/src/stm32f1xx/stm32f1xx_hal_i2c.o
 .debug_frame   0x00000ac0       0x50 ./system/src/stm32f1xx/stm32f1xx_hal_msp_template.o
 .debug_frame   0x00000b10      0x148 ./system/src/stm32f1xx/stm32f1xx_hal_rcc.o
 .debug_frame   0x00000c58      0x350 ./system/src/stm32f1xx/stm32f1xx_hal_uart.o
 .debug_frame   0x00000fa8       0x38 ./system/src/newlib/_exit.o
 .debug_frame   0x00000fe0       0x28 ./system/src/newlib/_sbrk.o
 .debug_frame   0x00001008       0x7c ./system/src/newlib/_startup.o
 .debug_frame   0x00001084      0x230 ./system/src/newlib/_syscalls.o
 .debug_frame   0x000012b4       0x80 ./system/src/diag/Trace.o
 .debug_frame   0x00001334       0x30 ./system/src/diag/trace_impl.o
 .debug_frame   0x00001364       0x40 ./system/src/cortexm/_initialize_hardware.o
 .debug_frame   0x000013a4      0x144 ./system/src/cortexm/exception_handlers.o
 .debug_frame   0x000014e8       0x30 ./system/src/CMSIS/system_stm32f1xx.o
 .debug_frame   0x00001518      0x160 ./src/CM32VR60.o
 .debug_frame   0x00001678       0x90 ./src/bboard_buttons.o
 .debug_frame   0x00001708       0xd0 ./src/bboard_leds.o
 .debug_frame   0x000017d8       0x88 ./src/bboard_system.o
 .debug_frame   0x00001860      0x144 ./src/main.o
 .debug_frame   0x000019a4       0x90 ./src/ring_buffer.o
 .debug_frame   0x00001a34       0xa8 ./src/stm32f1xx_it.o
 .debug_frame   0x00001adc       0x20 /home/dangnhat/Programs/gcc-arm-none-eabi-4_8-2014q2/bin/../lib/gcc/arm-none-eabi/4.8.4/../../../../arm-none-eabi/lib/armv7-m/libg_s.a(lib_a-errno.o)
 .debug_frame   0x00001afc       0x2c /home/dangnhat/Programs/gcc-arm-none-eabi-4_8-2014q2/bin/../lib/gcc/arm-none-eabi/4.8.4/../../../../arm-none-eabi/lib/armv7-m/libg_s.a(lib_a-memcmp.o)
 .debug_frame   0x00001b28       0x28 /home/dangnhat/Programs/gcc-arm-none-eabi-4_8-2014q2/bin/../lib/gcc/arm-none-eabi/4.8.4/../../../../arm-none-eabi/lib/armv7-m/libg_s.a(lib_a-memcpy-stub.o)
 .debug_frame   0x00001b50       0x2c /home/dangnhat/Programs/gcc-arm-none-eabi-4_8-2014q2/bin/../lib/gcc/arm-none-eabi/4.8.4/../../../../arm-none-eabi/lib/armv7-m/libg_s.a(lib_a-memmove.o)
 .debug_frame   0x00001b7c       0x20 /home/dangnhat/Programs/gcc-arm-none-eabi-4_8-2014q2/bin/../lib/gcc/arm-none-eabi/4.8.4/../../../../arm-none-eabi/lib/armv7-m/libg_s.a(lib_a-strlen.o)
 .debug_frame   0x00001b9c       0x4c /home/dangnhat/Programs/gcc-arm-none-eabi-4_8-2014q2/bin/../lib/gcc/arm-none-eabi/4.8.4/../../../../arm-none-eabi/lib/armv7-m/libg_s.a(lib_a-vsnprintf.o)
 .debug_frame   0x00001be8       0x88 /home/dangnhat/Programs/gcc-arm-none-eabi-4_8-2014q2/bin/../lib/gcc/arm-none-eabi/4.8.4/../../../../arm-none-eabi/lib/armv7-m/libg_s.a(lib_a-svfprintf.o)
 .debug_frame   0x00001c70       0x60 /home/dangnhat/Programs/gcc-arm-none-eabi-4_8-2014q2/bin/../lib/gcc/arm-none-eabi/4.8.4/../../../../arm-none-eabi/lib/armv7-m/libg_s.a(lib_a-vfprintf_i.o)
 .debug_frame   0x00001cd0       0x28 /home/dangnhat/Programs/gcc-arm-none-eabi-4_8-2014q2/bin/../lib/gcc/arm-none-eabi/4.8.4/../../../../arm-none-eabi/lib/armv7-m/libg_s.a(lib_a-memchr-stub.o)
 .debug_frame   0x00001cf8       0x2c /home/dangnhat/Programs/gcc-arm-none-eabi-4_8-2014q2/bin/../lib/gcc/arm-none-eabi/4.8.4/../../../../arm-none-eabi/lib/armv7-m/libg_s.a(lib_a-nano-freer.o)
 .debug_frame   0x00001d24       0x2c /home/dangnhat/Programs/gcc-arm-none-eabi-4_8-2014q2/bin/../lib/gcc/arm-none-eabi/4.8.4/../../../../arm-none-eabi/lib/armv7-m/libg_s.a(lib_a-nano-mallocr.o)
 .debug_frame   0x00001d50       0x30 /home/dangnhat/Programs/gcc-arm-none-eabi-4_8-2014q2/bin/../lib/gcc/arm-none-eabi/4.8.4/../../../../arm-none-eabi/lib/armv7-m/libg_s.a(lib_a-nano-reallocr.o)
 .debug_frame   0x00001d80       0x2c /home/dangnhat/Programs/gcc-arm-none-eabi-4_8-2014q2/bin/../lib/gcc/arm-none-eabi/4.8.4/../../../../arm-none-eabi/lib/armv7-m/libg_s.a(lib_a-sbrkr.o)
 .debug_frame   0x00001dac       0x20 /home/dangnhat/Programs/gcc-arm-none-eabi-4_8-2014q2/bin/../lib/gcc/arm-none-eabi/4.8.4/../../../../arm-none-eabi/lib/armv7-m/libg_s.a(lib_a-nano-msizer.o)

.debug_str      0x00000000    0x84097
 *(.debug_str)
 .debug_str     0x00000000    0x7e2a7 ./system/src/stm32f1xx/stm32f1xx_hal.o
                              0x7e828 (size before relaxing)
 .debug_str     0x0007e2a7      0x2d5 ./system/src/stm32f1xx/stm32f1xx_hal_cortex.o
                              0x7e81c (size before relaxing)
 .debug_str     0x0007e57c      0x31e ./system/src/stm32f1xx/stm32f1xx_hal_dma.o
                              0x7e3a6 (size before relaxing)
 .debug_str     0x0007e89a      0x465 ./system/src/stm32f1xx/stm32f1xx_hal_gpio.o
                              0x7e51d (size before relaxing)
 .debug_str     0x0007ecff      0x8bd ./system/src/stm32f1xx/stm32f1xx_hal_i2c.o
                              0x7eb6f (size before relaxing)
 .debug_str     0x0007f5bc       0x73 ./system/src/stm32f1xx/stm32f1xx_hal_msp_template.o
                              0x7e075 (size before relaxing)
 .debug_str     0x0007f62f      0x32e ./system/src/stm32f1xx/stm32f1xx_hal_rcc.o
                              0x7e4de (size before relaxing)
 .debug_str     0x0007f95d      0x51a ./system/src/stm32f1xx/stm32f1xx_hal_uart.o
                              0x7e80b (size before relaxing)
 .debug_str     0x0007fe77      0xeeb ./system/src/newlib/_exit.o
                               0x4e99 (size before relaxing)
 .debug_str     0x00080d62      0x4de ./system/src/newlib/_sbrk.o
                               0x444f (size before relaxing)
 .debug_str     0x00081240      0x260 ./system/src/newlib/_startup.o
                               0x3ed9 (size before relaxing)
 .debug_str     0x000814a0      0xe48 ./system/src/newlib/_syscalls.o
                               0x531b (size before relaxing)
 .debug_str     0x000822e8     0x10c3 ./system/src/diag/Trace.o
                               0x6630 (size before relaxing)
 .debug_str     0x000833ab       0x42 ./system/src/diag/trace_impl.o
                              0x7ee1e (size before relaxing)
 .debug_str     0x000833ed       0x5e ./system/src/cortexm/_initialize_hardware.o
                              0x7e107 (size before relaxing)
 .debug_str     0x0008344b      0x1e5 ./system/src/cortexm/exception_handlers.o
                              0x7ff7e (size before relaxing)
 .debug_str     0x00083630       0x7f ./system/src/CMSIS/system_stm32f1xx.o
                              0x7e16f (size before relaxing)
 .debug_str     0x000836af      0x2b8 ./src/CM32VR60.o
                              0x7f62d (size before relaxing)
 .debug_str     0x00083967      0x2c5 ./src/bboard_buttons.o
                              0x7e3bc (size before relaxing)
 .debug_str     0x00083c2c      0x1cc ./src/bboard_leds.o
                              0x7e2c3 (size before relaxing)
 .debug_str     0x00083df8       0xc4 ./src/bboard_system.o
                              0x7f62c (size before relaxing)
 .debug_str     0x00083ebc      0x170 ./src/main.o
                              0x801a3 (size before relaxing)
 .debug_str     0x0008402c       0x43 ./src/ring_buffer.o
                               0x5197 (size before relaxing)
 .debug_str     0x0008406f       0x28 ./src/stm32f1xx_it.o
                              0x7e179 (size before relaxing)

.debug_loc      0x00000000     0x69d3
 *(.debug_loc)
 .debug_loc     0x00000000       0x7d ./system/src/stm32f1xx/stm32f1xx_hal.o
 .debug_loc     0x0000007d      0x501 ./system/src/stm32f1xx/stm32f1xx_hal_cortex.o
 .debug_loc     0x0000057e      0x3d8 ./system/src/stm32f1xx/stm32f1xx_hal_dma.o
 .debug_loc     0x00000956      0x357 ./system/src/stm32f1xx/stm32f1xx_hal_gpio.o
 .debug_loc     0x00000cad     0x29ee ./system/src/stm32f1xx/stm32f1xx_hal_i2c.o
 .debug_loc     0x0000369b     0x10da ./system/src/stm32f1xx/stm32f1xx_hal_rcc.o
 .debug_loc     0x00004775      0xf53 ./system/src/stm32f1xx/stm32f1xx_hal_uart.o
 .debug_loc     0x000056c8       0x6b ./system/src/newlib/_sbrk.o
 .debug_loc     0x00005733      0x265 ./system/src/newlib/_startup.o
 .debug_loc     0x00005998      0x549 ./system/src/newlib/_syscalls.o
 .debug_loc     0x00005ee1       0xf7 ./system/src/diag/Trace.o
 .debug_loc     0x00005fd8       0x21 ./system/src/diag/trace_impl.o
 .debug_loc     0x00005ff9      0x184 ./system/src/cortexm/exception_handlers.o
 .debug_loc     0x0000617d       0xe4 ./system/src/CMSIS/system_stm32f1xx.o
 .debug_loc     0x00006261      0x2d1 ./src/CM32VR60.o
 .debug_loc     0x00006532       0xcb ./src/bboard_buttons.o
 .debug_loc     0x000065fd       0x55 ./src/bboard_system.o
 .debug_loc     0x00006652      0x1f7 ./src/main.o
 .debug_loc     0x00006849      0x18a ./src/ring_buffer.o

.debug_macinfo
 *(.debug_macinfo)

.debug_weaknames
 *(.debug_weaknames)

.debug_funcnames
 *(.debug_funcnames)

.debug_typenames
 *(.debug_typenames)

.debug_varnames
 *(.debug_varnames)
OUTPUT(CM32VR60.elf elf32-littlearm)

.debug_ranges   0x00000000      0xa08
 .debug_ranges  0x00000000       0xa0 ./system/src/stm32f1xx/stm32f1xx_hal.o
 .debug_ranges  0x000000a0       0x80 ./system/src/stm32f1xx/stm32f1xx_hal_cortex.o
 .debug_ranges  0x00000120       0x58 ./system/src/stm32f1xx/stm32f1xx_hal_dma.o
 .debug_ranges  0x00000178       0x48 ./system/src/stm32f1xx/stm32f1xx_hal_gpio.o
 .debug_ranges  0x000001c0      0x208 ./system/src/stm32f1xx/stm32f1xx_hal_i2c.o
 .debug_ranges  0x000003c8       0x28 ./system/src/stm32f1xx/stm32f1xx_hal_msp_template.o
 .debug_ranges  0x000003f0       0x78 ./system/src/stm32f1xx/stm32f1xx_hal_rcc.o
 .debug_ranges  0x00000468      0x140 ./system/src/stm32f1xx/stm32f1xx_hal_uart.o
 .debug_ranges  0x000005a8       0x18 ./system/src/newlib/_exit.o
 .debug_ranges  0x000005c0       0x10 ./system/src/newlib/_sbrk.o
 .debug_ranges  0x000005d0       0x48 ./system/src/newlib/_startup.o
 .debug_ranges  0x00000618       0xc0 ./system/src/newlib/_syscalls.o
 .debug_ranges  0x000006d8       0x28 ./system/src/diag/Trace.o
 .debug_ranges  0x00000700       0x18 ./system/src/diag/trace_impl.o
 .debug_ranges  0x00000718       0x18 ./system/src/cortexm/_initialize_hardware.o
 .debug_ranges  0x00000730       0x78 ./system/src/cortexm/exception_handlers.o
 .debug_ranges  0x000007a8       0x20 ./system/src/CMSIS/startup_stm32f103xe.o
 .debug_ranges  0x000007c8       0x18 ./system/src/CMSIS/system_stm32f1xx.o
 .debug_ranges  0x000007e0       0x78 ./src/CM32VR60.o
 .debug_ranges  0x00000858       0x50 ./src/bboard_buttons.o
 .debug_ranges  0x000008a8       0x48 ./src/bboard_leds.o
 .debug_ranges  0x000008f0       0x28 ./src/bboard_system.o
 .debug_ranges  0x00000918       0x68 ./src/main.o
 .debug_ranges  0x00000980       0x38 ./src/ring_buffer.o
 .debug_ranges  0x000009b8       0x50 ./src/stm32f1xx_it.o

.debug_macro    0x00000000    0x16b06
 .debug_macro   0x00000000      0x393 ./system/src/stm32f1xx/stm32f1xx_hal.o
 .debug_macro   0x00000393      0x85c ./system/src/stm32f1xx/stm32f1xx_hal.o
 .debug_macro   0x00000bef       0xfe ./system/src/stm32f1xx/stm32f1xx_hal.o
 .debug_macro   0x00000ced       0x2e ./system/src/stm32f1xx/stm32f1xx_hal.o
 .debug_macro   0x00000d1b       0x22 ./system/src/stm32f1xx/stm32f1xx_hal.o
 .debug_macro   0x00000d3d       0x16 ./system/src/stm32f1xx/stm32f1xx_hal.o
 .debug_macro   0x00000d53       0x44 ./system/src/stm32f1xx/stm32f1xx_hal.o
 .debug_macro   0x00000d97      0x209 ./system/src/stm32f1xx/stm32f1xx_hal.o
 .debug_macro   0x00000fa0       0x34 ./system/src/stm32f1xx/stm32f1xx_hal.o
 .debug_macro   0x00000fd4       0x34 ./system/src/stm32f1xx/stm32f1xx_hal.o
 .debug_macro   0x00001008      0xb8e ./system/src/stm32f1xx/stm32f1xx_hal.o
 .debug_macro   0x00001b96     0x7575 ./system/src/stm32f1xx/stm32f1xx_hal.o
 .debug_macro   0x0000910b       0x43 ./system/src/stm32f1xx/stm32f1xx_hal.o
 .debug_macro   0x0000914e     0x31c3 ./system/src/stm32f1xx/stm32f1xx_hal.o
 .debug_macro   0x0000c311       0x58 ./system/src/stm32f1xx/stm32f1xx_hal.o
 .debug_macro   0x0000c369       0x35 ./system/src/stm32f1xx/stm32f1xx_hal.o
 .debug_macro   0x0000c39e       0xa3 ./system/src/stm32f1xx/stm32f1xx_hal.o
 .debug_macro   0x0000c441       0x16 ./system/src/stm32f1xx/stm32f1xx_hal.o
 .debug_macro   0x0000c457       0x97 ./system/src/stm32f1xx/stm32f1xx_hal.o
 .debug_macro   0x0000c4ee       0x10 ./system/src/stm32f1xx/stm32f1xx_hal.o
 .debug_macro   0x0000c4fe       0xef ./system/src/stm32f1xx/stm32f1xx_hal.o
 .debug_macro   0x0000c5ed       0x52 ./system/src/stm32f1xx/stm32f1xx_hal.o
 .debug_macro   0x0000c63f       0x16 ./system/src/stm32f1xx/stm32f1xx_hal.o
 .debug_macro   0x0000c655       0x43 ./system/src/stm32f1xx/stm32f1xx_hal.o
 .debug_macro   0x0000c698      0x180 ./system/src/stm32f1xx/stm32f1xx_hal.o
 .debug_macro   0x0000c818       0x10 ./system/src/stm32f1xx/stm32f1xx_hal.o
 .debug_macro   0x0000c828       0x22 ./system/src/stm32f1xx/stm32f1xx_hal.o
 .debug_macro   0x0000c84a       0xbd ./system/src/stm32f1xx/stm32f1xx_hal.o
 .debug_macro   0x0000c907       0x16 ./system/src/stm32f1xx/stm32f1xx_hal.o
 .debug_macro   0x0000c91d      0x16c ./system/src/stm32f1xx/stm32f1xx_hal.o
 .debug_macro   0x0000ca89       0x5e ./system/src/stm32f1xx/stm32f1xx_hal.o
 .debug_macro   0x0000cae7      0x77f ./system/src/stm32f1xx/stm32f1xx_hal.o
 .debug_macro   0x0000d266      0x4d7 ./system/src/stm32f1xx/stm32f1xx_hal.o
 .debug_macro   0x0000d73d      0x141 ./system/src/stm32f1xx/stm32f1xx_hal.o
 .debug_macro   0x0000d87e      0x1cf ./system/src/stm32f1xx/stm32f1xx_hal.o
 .debug_macro   0x0000da4d      0x1a7 ./system/src/stm32f1xx/stm32f1xx_hal.o
 .debug_macro   0x0000dbf4       0x2a ./system/src/stm32f1xx/stm32f1xx_hal.o
 .debug_macro   0x0000dc1e       0x3c ./system/src/stm32f1xx/stm32f1xx_hal.o
 .debug_macro   0x0000dc5a      0x401 ./system/src/stm32f1xx/stm32f1xx_hal.o
 .debug_macro   0x0000e05b       0x10 ./system/src/stm32f1xx/stm32f1xx_hal.o
 .debug_macro   0x0000e06b       0x57 ./system/src/stm32f1xx/stm32f1xx_hal.o
 .debug_macro   0x0000e0c2      0x46a ./system/src/stm32f1xx/stm32f1xx_hal.o
 .debug_macro   0x0000e52c      0x25d ./system/src/stm32f1xx/stm32f1xx_hal.o
 .debug_macro   0x0000e789       0x22 ./system/src/stm32f1xx/stm32f1xx_hal.o
 .debug_macro   0x0000e7ab       0x99 ./system/src/stm32f1xx/stm32f1xx_hal.o
 .debug_macro   0x0000e844       0xeb ./system/src/stm32f1xx/stm32f1xx_hal.o
 .debug_macro   0x0000e92f       0x8c ./system/src/stm32f1xx/stm32f1xx_hal.o
 .debug_macro   0x0000e9bb      0x250 ./system/src/stm32f1xx/stm32f1xx_hal.o
 .debug_macro   0x0000ec0b      0x329 ./system/src/stm32f1xx/stm32f1xx_hal.o
 .debug_macro   0x0000ef34       0x77 ./system/src/stm32f1xx/stm32f1xx_hal.o
 .debug_macro   0x0000efab      0x225 ./system/src/stm32f1xx/stm32f1xx_hal.o
 .debug_macro   0x0000f1d0      0x199 ./system/src/stm32f1xx/stm32f1xx_hal.o
 .debug_macro   0x0000f369       0x99 ./system/src/stm32f1xx/stm32f1xx_hal.o
 .debug_macro   0x0000f402      0x143 ./system/src/stm32f1xx/stm32f1xx_hal.o
 .debug_macro   0x0000f545      0x1ef ./system/src/stm32f1xx/stm32f1xx_hal.o
 .debug_macro   0x0000f734      0x1d2 ./system/src/stm32f1xx/stm32f1xx_hal.o
 .debug_macro   0x0000f906      0x125 ./system/src/stm32f1xx/stm32f1xx_hal.o
 .debug_macro   0x0000fa2b      0x3e5 ./system/src/stm32f1xx/stm32f1xx_hal.o
 .debug_macro   0x0000fe10      0x22b ./system/src/stm32f1xx/stm32f1xx_hal.o
 .debug_macro   0x0001003b       0xb9 ./system/src/stm32f1xx/stm32f1xx_hal.o
 .debug_macro   0x000100f4      0x1f4 ./system/src/stm32f1xx/stm32f1xx_hal.o
 .debug_macro   0x000102e8      0x83e ./system/src/stm32f1xx/stm32f1xx_hal.o
 .debug_macro   0x00010b26       0x11 ./system/src/stm32f1xx/stm32f1xx_hal.o
 .debug_macro   0x00010b37      0x256 ./system/src/stm32f1xx/stm32f1xx_hal.o
 .debug_macro   0x00010d8d      0x225 ./system/src/stm32f1xx/stm32f1xx_hal.o
 .debug_macro   0x00010fb2      0x1a7 ./system/src/stm32f1xx/stm32f1xx_hal.o
 .debug_macro   0x00011159      0x2d4 ./system/src/stm32f1xx/stm32f1xx_hal.o
 .debug_macro   0x0001142d       0x8e ./system/src/stm32f1xx/stm32f1xx_hal.o
 .debug_macro   0x000114bb       0x50 ./system/src/stm32f1xx/stm32f1xx_hal.o
 .debug_macro   0x0001150b      0x26c ./system/src/stm32f1xx/stm32f1xx_hal.o
 .debug_macro   0x00011777       0xae ./system/src/stm32f1xx/stm32f1xx_hal.o
 .debug_macro   0x00011825      0x36f ./system/src/stm32f1xx/stm32f1xx_hal_cortex.o
 .debug_macro   0x00011b94      0x375 ./system/src/stm32f1xx/stm32f1xx_hal_dma.o
 .debug_macro   0x00011f09      0x3df ./system/src/stm32f1xx/stm32f1xx_hal_gpio.o
 .debug_macro   0x000122e8      0x385 ./system/src/stm32f1xx/stm32f1xx_hal_i2c.o
 .debug_macro   0x0001266d      0x36f ./system/src/stm32f1xx/stm32f1xx_hal_msp_template.o
 .debug_macro   0x000129dc      0x381 ./system/src/stm32f1xx/stm32f1xx_hal_rcc.o
 .debug_macro   0x00012d5d      0x370 ./system/src/stm32f1xx/stm32f1xx_hal_uart.o
 .debug_macro   0x000130cd      0x11b ./system/src/newlib/_exit.o
 .debug_macro   0x000131e8      0x10e ./system/src/newlib/_exit.o
 .debug_macro   0x000132f6       0x7f ./system/src/newlib/_exit.o
 .debug_macro   0x00013375       0x10 ./system/src/newlib/_exit.o
 .debug_macro   0x00013385       0x35 ./system/src/newlib/_exit.o
 .debug_macro   0x000133ba       0xd1 ./system/src/newlib/_sbrk.o
 .debug_macro   0x0001348b       0x19 ./system/src/newlib/_sbrk.o
 .debug_macro   0x000134a4      0x166 ./system/src/newlib/_sbrk.o
 .debug_macro   0x0001360a       0x10 ./system/src/newlib/_sbrk.o
 .debug_macro   0x0001361a      0x23b ./system/src/newlib/_sbrk.o
 .debug_macro   0x00013855       0xe7 ./system/src/newlib/_startup.o
 .debug_macro   0x0001393c      0x169 ./system/src/newlib/_syscalls.o
 .debug_macro   0x00013aa5       0x1c ./system/src/newlib/_syscalls.o
 .debug_macro   0x00013ac1       0x10 ./system/src/newlib/_syscalls.o
 .debug_macro   0x00013ad1       0x10 ./system/src/newlib/_syscalls.o
 .debug_macro   0x00013ae1       0x10 ./system/src/newlib/_syscalls.o
 .debug_macro   0x00013af1       0x35 ./system/src/newlib/_syscalls.o
 .debug_macro   0x00013b26      0x120 ./system/src/newlib/_syscalls.o
 .debug_macro   0x00013c46       0x22 ./system/src/newlib/_syscalls.o
 .debug_macro   0x00013c68       0x2b ./system/src/newlib/_syscalls.o
 .debug_macro   0x00013c93      0x118 ./system/src/newlib/_syscalls.o
 .debug_macro   0x00013dab      0x13a ./system/src/newlib/_syscalls.o
 .debug_macro   0x00013ee5       0x16 ./system/src/newlib/_syscalls.o
 .debug_macro   0x00013efb      0x15a ./system/src/diag/Trace.o
 .debug_macro   0x00014055       0x52 ./system/src/diag/Trace.o
 .debug_macro   0x000140a7      0x2a6 ./system/src/diag/Trace.o
 .debug_macro   0x0001434d       0x10 ./system/src/diag/Trace.o
 .debug_macro   0x0001435d       0x1f ./system/src/diag/Trace.o
 .debug_macro   0x0001437c      0x3a4 ./system/src/diag/trace_impl.o
 .debug_macro   0x00014720      0x379 ./system/src/cortexm/_initialize_hardware.o
 .debug_macro   0x00014a99      0x3ec ./system/src/cortexm/exception_handlers.o
 .debug_macro   0x00014e85       0x3a ./system/src/cortexm/exception_handlers.o
 .debug_macro   0x00014ebf       0x22 ./system/src/cortexm/exception_handlers.o
 .debug_macro   0x00014ee1      0x375 ./system/src/CMSIS/system_stm32f1xx.o
 .debug_macro   0x00015256      0x3b1 ./src/CM32VR60.o
 .debug_macro   0x00015607       0x10 ./src/CM32VR60.o
 .debug_macro   0x00015617      0x3a0 ./src/bboard_buttons.o
 .debug_macro   0x000159b7       0x22 ./src/bboard_buttons.o
 .debug_macro   0x000159d9      0x38b ./src/bboard_leds.o
 .debug_macro   0x00015d64      0x3bf ./src/bboard_system.o
 .debug_macro   0x00016123       0x58 ./src/bboard_system.o
 .debug_macro   0x0001617b       0x1c ./src/bboard_system.o
 .debug_macro   0x00016197       0x57 ./src/bboard_system.o
 .debug_macro   0x000161ee      0x420 ./src/main.o
 .debug_macro   0x0001660e       0x10 ./src/main.o
 .debug_macro   0x0001661e      0x142 ./src/ring_buffer.o
 .debug_macro   0x00016760      0x3a6 ./src/stm32f1xx_it.o
